Component: ARM Compiler 5.05 update 1 (build 106) Tool: armlink [4d0efa]

==============================================================================

Section Cross References

    startup_stm32f40_41xxx.o(RESET) refers to startup_stm32f40_41xxx.o(STACK) for __initial_sp
    startup_stm32f40_41xxx.o(RESET) refers to startup_stm32f40_41xxx.o(.text) for Reset_Handler
    startup_stm32f40_41xxx.o(RESET) refers to interrupt.o(i.EXTI4_IRQHandler) for EXTI4_IRQHandler
    startup_stm32f40_41xxx.o(RESET) refers to interrupt.o(i.EXTI9_5_IRQHandler) for EXTI9_5_IRQHandler
    startup_stm32f40_41xxx.o(RESET) refers to timer.o(i.TIM4_IRQHandler) for TIM4_IRQHandler
    startup_stm32f40_41xxx.o(RESET) refers to usart.o(i.USART1_IRQHandler) for USART1_IRQHandler
    startup_stm32f40_41xxx.o(RESET) refers to esp8266.o(i.USART2_IRQHandler) for USART2_IRQHandler
    startup_stm32f40_41xxx.o(RESET) refers to interrupt.o(i.EXTI15_10_IRQHandler) for EXTI15_10_IRQHandler
    startup_stm32f40_41xxx.o(.text) refers to system_stm32f4xx.o(i.SystemInit) for SystemInit
    startup_stm32f40_41xxx.o(.text) refers to entry.o(.ARM.Collect$$$$00000000) for __main
    system_stm32f4xx.o(i.SystemCoreClockUpdate) refers to system_stm32f4xx.o(.data) for SystemCoreClock
    system_stm32f4xx.o(i.SystemInit) refers to system_stm32f4xx.o(i.SetSysClock) for SetSysClock
    user.o(i.Oled_Temp) refers to oled.o(i.OLed_Fill) for OLed_Fill
    user.o(i.Oled_Temp) refers to oled.o(i.OLed_ShowChina) for OLed_ShowChina
    user.o(i.Oled_Temp) refers to oled.o(i.Oled_print) for Oled_print
    user.o(i.Oled_Temp) refers to delay.o(i.delay_ms) for delay_ms
    user.o(i.Oled_Temp) refers to oled.o(.data) for HZ1
    user.o(i.Oled_Temp) refers to user.o(.bss) for wendu
    user.o(i.Temp_Light) refers to dht11.o(i.dht11_ReadData) for dht11_ReadData
    user.o(i.Temp_Light) refers to adc.o(i.Get_AdcChannel) for Get_AdcChannel
    user.o(i.Temp_Light) refers to adc_dianwei.o(i.Get_ADC_dianwei_Channel) for Get_ADC_dianwei_Channel
    user.o(i.Temp_Light) refers to f2d.o(.text) for __aeabi_f2d
    user.o(i.Temp_Light) refers to dmul.o(.text) for __aeabi_dmul
    user.o(i.Temp_Light) refers to d2f.o(.text) for __aeabi_d2f
    user.o(i.Temp_Light) refers to printfa.o(i.__0sprintf) for __2sprintf
    user.o(i.Temp_Light) refers to delay.o(i.delay_ms) for delay_ms
    user.o(i.Temp_Light) refers to pwmfan.o(i.Fan_Control) for Fan_Control
    user.o(i.Temp_Light) refers to beep.o(i.BeepConfig) for BeepConfig
    user.o(i.Temp_Light) refers to beep.o(i.BeepAlarm) for BeepAlarm
    user.o(i.Temp_Light) refers to user.o(.data) for temp
    user.o(i.Temp_Light) refers to user.o(.bss) for wendu
    user.o(i.USART_Cllect) refers to user.o(i.Temp_Light) for Temp_Light
    user.o(i.USART_Cllect) refers to printfa.o(i.__0printf) for __2printf
    user.o(i.USART_Cllect) refers to delay.o(i.delay_ms) for delay_ms
    user.o(i.USART_Cllect) refers to user.o(.data) for tp
    user.o(i.USART_Cllect) refers to user.o(.bss) for wendu
    user.o(i.live_collect) refers to user.o(i.Temp_Light) for Temp_Light
    user.o(i.live_collect) refers to user.o(i.Oled_Temp) for Oled_Temp
    user.o(i.live_collect) refers to user.o(.data) for tep
    user.o(i.main) refers to delay.o(i.delay_init) for delay_init
    user.o(i.main) refers to usart.o(i.Usart_Config) for Usart_Config
    user.o(i.main) refers to misc.o(i.NVIC_PriorityGroupConfig) for NVIC_PriorityGroupConfig
    user.o(i.main) refers to esp8266.o(i.uart2init) for uart2init
    user.o(i.main) refers to led.o(i.LED_Config) for LED_Config
    user.o(i.main) refers to key.o(i.Key1_2_3_Config) for Key1_2_3_Config
    user.o(i.main) refers to key.o(i.Key_4_Config) for Key_4_Config
    user.o(i.main) refers to interrupt.o(i.INTERRUPT_KEY1_Config) for INTERRUPT_KEY1_Config
    user.o(i.main) refers to interrupt.o(i.INTERRUPT_KEY2_Config) for INTERRUPT_KEY2_Config
    user.o(i.main) refers to interrupt.o(i.INTERRUPT_KEY3_Config) for INTERRUPT_KEY3_Config
    user.o(i.main) refers to interrupt.o(i.INTERRUPT_KEY4_Config) for INTERRUPT_KEY4_Config
    user.o(i.main) refers to pwmfan.o(i.Timer12_Ch2_PwmConfig) for Timer12_Ch2_PwmConfig
    user.o(i.main) refers to breathled.o(i.pwm_ledconfig) for pwm_ledconfig
    user.o(i.main) refers to w25q64.o(i.W25Q64_Config) for W25Q64_Config
    user.o(i.main) refers to iiic.o(i.IIC_Config) for IIC_Config
    user.o(i.main) refers to dht11.o(i.dht11_Config) for dht11_Config
    user.o(i.main) refers to oled.o(i.InitOLed) for InitOLed
    user.o(i.main) refers to adc.o(i.ADC_GUANG_Config) for ADC_GUANG_Config
    user.o(i.main) refers to adc_dianwei.o(i.ADC_DianWei_Config) for ADC_DianWei_Config
    user.o(i.main) refers to user.o(i.Temp_Light) for Temp_Light
    user.o(i.main) refers to at24c02.o(i.AT24OC02_Init) for AT24OC02_Init
    user.o(i.main) refers to breathled.o(i.Led_Breath) for Led_Breath
[...]
    ../clib/microlib/longlong.c              0x00000000   Number         0  llushr.o ABSOLUTE
    ../clib/microlib/longlong.c              0x00000000   Number         0  llshl.o ABSOLUTE
    ../clib/microlib/printf/printf.c         0x00000000   Number         0  printf6.o ABSOLUTE
    ../clib/microlib/printf/printf.c         0x00000000   Number         0  printf7.o ABSOLUTE
    ../clib/microlib/printf/printf.c         0x00000000   Number         0  printf5.o ABSOLUTE
    ../clib/microlib/printf/printf.c         0x00000000   Number         0  printf4.o ABSOLUTE
    ../clib/microlib/printf/printf.c         0x00000000   Number         0  printf3.o ABSOLUTE
    ../clib/microlib/printf/printf.c         0x00000000   Number         0  printf2.o ABSOLUTE
    ../clib/microlib/printf/printf.c         0x00000000   Number         0  printf8.o ABSOLUTE
    ../clib/microlib/printf/printf.c         0x00000000   Number         0  printf1.o ABSOLUTE
    ../clib/microlib/printf/printf.c         0x00000000   Number         0  printfa.o ABSOLUTE
    ../clib/microlib/printf/printf.c         0x00000000   Number         0  printf0.o ABSOLUTE
    ../clib/microlib/printf/printf.c         0x00000000   Number         0  printfb.o ABSOLUTE
    ../clib/microlib/printf/stubs.s          0x00000000   Number         0  stubs.o ABSOLUTE
    ../clib/microlib/stdio/streams.c         0x00000000   Number         0  stdout.o ABSOLUTE
    ../clib/microlib/string/strlen.c         0x00000000   Number         0  strlen.o ABSOLUTE
    ../clib/microlib/string/strtok.c         0x00000000   Number         0  strtok.o ABSOLUTE
    ../clib/microlib/string/strtok.c         0x00000000   Number         0  strtok_r.o ABSOLUTE
    ../clib/microlib/stubs.s                 0x00000000   Number         0  iusefp.o ABSOLUTE
    ../fplib/microlib/d2f.c                  0x00000000   Number         0  d2f.o ABSOLUTE
    ../fplib/microlib/f2d.c                  0x00000000   Number         0  f2d.o ABSOLUTE
    ../fplib/microlib/fpadd.c                0x00000000   Number         0  dadd.o ABSOLUTE
    ../fplib/microlib/fpdiv.c                0x00000000   Number         0  ddiv.o ABSOLUTE
    ../fplib/microlib/fpepilogue.c           0x00000000   Number         0  depilogue.o ABSOLUTE
    ../fplib/microlib/fpepilogue.c           0x00000000   Number         0  fepilogue.o ABSOLUTE
    ../fplib/microlib/fpfix.c                0x00000000   Number         0  dfixul.o ABSOLUTE
    ../fplib/microlib/fpmul.c                0x00000000   Number         0  dmul.o ABSOLUTE
    ..\CORE\startup_stm32f40_41xxx.s         0x00000000   Number         0  startup_stm32f40_41xxx.o ABSOLUTE
    ..\FWLIB\src\misc.c                      0x00000000   Number         0  misc.o ABSOLUTE
    ..\FWLIB\src\stm32f4xx_adc.c             0x00000000   Number         0  stm32f4xx_adc.o ABSOLUTE
    ..\FWLIB\src\stm32f4xx_can.c             0x00000000   Number         0  stm32f4xx_can.o ABSOLUTE
    ..\FWLIB\src\stm32f4xx_crc.c             0x00000000   Number         0  stm32f4xx_crc.o ABSOLUTE
    ..\FWLIB\src\stm32f4xx_cryp.c            0x00000000   Number         0  stm32f4xx_cryp.o ABSOLUTE
    ..\FWLIB\src\stm32f4xx_cryp_aes.c        0x00000000   Number         0  stm32f4xx_cryp_aes.o ABSOLUTE
    ..\FWLIB\src\stm32f4xx_cryp_des.c        0x00000000   Number         0  stm32f4xx_cryp_des.o ABSOLUTE
    ..\FWLIB\src\stm32f4xx_cryp_tdes.c       0x00000000   Number         0  stm32f4xx_cryp_tdes.o ABSOLUTE
    ..\FWLIB\src\stm32f4xx_dac.c             0x00000000   Number         0  stm32f4xx_dac.o ABSOLUTE
    ..\FWLIB\src\stm32f4xx_dbgmcu.c          0x00000000   Number         0  stm32f4xx_dbgmcu.o ABSOLUTE
    ..\FWLIB\src\stm32f4xx_dcmi.c            0x00000000   Number         0  stm32f4xx_dcmi.o ABSOLUTE
    ..\FWLIB\src\stm32f4xx_dma.c             0x00000000   Number         0  stm32f4xx_dma.o ABSOLUTE
    ..\FWLIB\src\stm32f4xx_dma2d.c           0x00000000   Number         0  stm32f4xx_dma2d.o ABSOLUTE
    ..\FWLIB\src\stm32f4xx_exti.c            0x00000000   Number         0  stm32f4xx_exti.o ABSOLUTE
    ..\FWLIB\src\stm32f4xx_flash.c           0x00000000   Number         0  stm32f4xx_flash.o ABSOLUTE
    ..\FWLIB\src\stm32f4xx_flash_ramfunc.c   0x00000000   Number         0  stm32f4xx_flash_ramfunc.o ABSOLUTE
    ..\FWLIB\src\stm32f4xx_fsmc.c            0x00000000   Number         0  stm32f4xx_fsmc.o ABSOLUTE
    ..\FWLIB\src\stm32f4xx_gpio.c            0x00000000   Number         0  stm32f4xx_gpio.o ABSOLUTE
    ..\FWLIB\src\stm32f4xx_hash.c            0x00000000   Number         0  stm32f4xx_hash.o ABSOLUTE
    ..\FWLIB\src\stm32f4xx_hash_md5.c        0x00000000   Number         0  stm32f4xx_hash_md5.o ABSOLUTE
    ..\FWLIB\src\stm32f4xx_hash_sha1.c       0x00000000   Number         0  stm32f4xx_hash_sha1.o ABSOLUTE
    ..\FWLIB\src\stm32f4xx_i2c.c             0x00000000   Number         0  stm32f4xx_i2c.o ABSOLUTE
    ..\FWLIB\src\stm32f4xx_iwdg.c            0x00000000   Number         0  stm32f4xx_iwdg.o ABSOLUTE
    ..\FWLIB\src\stm32f4xx_ltdc.c            0x00000000   Number         0  stm32f4xx_ltdc.o ABSOLUTE
    ..\FWLIB\src\stm32f4xx_pwr.c             0x00000000   Number         0  stm32f4xx_pwr.o ABSOLUTE
    ..\FWLIB\src\stm32f4xx_rcc.c             0x00000000   Number         0  stm32f4xx_rcc.o ABSOLUTE
    ..\FWLIB\src\stm32f4xx_rng.c             0x00000000   Number         0  stm32f4xx_rng.o ABSOLUTE
    ..\FWLIB\src\stm32f4xx_rtc.c             0x00000000   Number         0  stm32f4xx_rtc.o ABSOLUTE
    ..\FWLIB\src\stm32f4xx_sai.c             0x00000000   Number         0  stm32f4xx_sai.o ABSOLUTE
    ..\FWLIB\src\stm32f4xx_sdio.c            0x00000000   Number         0  stm32f4xx_sdio.o ABSOLUTE
    ..\FWLIB\src\stm32f4xx_spi.c             0x00000000   Number         0  stm32f4xx_spi.o ABSOLUTE
    ..\FWLIB\src\stm32f4xx_syscfg.c          0x00000000   Number         0  stm32f4xx_syscfg.o ABSOLUTE
    ..\FWLIB\src\stm32f4xx_tim.c             0x00000000   Number         0  stm32f4xx_tim.o ABSOLUTE
    ..\FWLIB\src\stm32f4xx_usart.c           0x00000000   Number         0  stm32f4xx_usart.o ABSOLUTE
    ..\FWLIB\src\stm32f4xx_wwdg.c            0x00000000   Number         0  stm32f4xx_wwdg.o ABSOLUTE
    ..\HARDWARE\ADC.c                        0x00000000   Number         0  adc.o ABSOLUTE
    ..\HARDWARE\ADC_DianWei.c                0x00000000   Number         0  adc_dianwei.o ABSOLUTE
    ..\HARDWARE\BEEP.c                       0x00000000   Number         0  beep.o ABSOLUTE
    ..\HARDWARE\Beep_AlarmPwm.c              0x00000000   Number         0  beep_alarmpwm.o ABSOLUTE
    ..\HARDWARE\IIC_AT24C02_OLED\AT24C02.c   0x00000000   Number         0  at24c02.o ABSOLUTE
    ..\HARDWARE\IIC_AT24C02_OLED\IIIC.c      0x00000000   Number         0  iiic.o ABSOLUTE
    ..\HARDWARE\IIC_AT24C02_OLED\oled.c      0x00000000   Number         0  oled.o ABSOLUTE
    ..\HARDWARE\KEY.c                        0x00000000   Number         0  key.o ABSOLUTE
    ..\HARDWARE\LED.c                        0x00000000   Number         0  led.o ABSOLUTE
    ..\HARDWARE\SPI_W25Q64\SPI.c             0x00000000   Number         0  spi.o ABSOLUTE
    ..\HARDWARE\SPI_W25Q64\W25Q64.c          0x00000000   Number         0  w25q64.o ABSOLUTE
    ..\HARDWARE\USART.c                      0x00000000   Number         0  usart.o ABSOLUTE
    ..\HARDWARE\breathled.c                  0x00000000   Number         0  breathled.o ABSOLUTE
    ..\HARDWARE\dht11.c                      0x00000000   Number         0  dht11.o ABSOLUTE
    ..\HARDWARE\esp8266.c                    0x00000000   Number         0  esp8266.o ABSOLUTE
    ..\HARDWARE\interrupt.c                  0x00000000   Number         0  interrupt.o ABSOLUTE
    ..\HARDWARE\pwmfan.c                     0x00000000   Number         0  pwmfan.o ABSOLUTE
    ..\HARDWARE\timer.c                      0x00000000   Number         0  timer.o ABSOLUTE
    ..\SYSTEM\delay\delay.c                  0x00000000   Number         0  delay.o ABSOLUTE
    ..\SYSTEM\sys\sys.c                      0x00000000   Number         0  sys.o ABSOLUTE
    ..\\FWLIB\\src\\misc.c                   0x00000000   Number         0  misc.o ABSOLUTE
    ..\\FWLIB\\src\\stm32f4xx_adc.c          0x00000000   Number         0  stm32f4xx_adc.o ABSOLUTE
    ..\\FWLIB\\src\\stm32f4xx_can.c          0x00000000   Number         0  stm32f4xx_can.o ABSOLUTE
    ..\\FWLIB\\src\\stm32f4xx_crc.c          0x00000000   Number         0  stm32f4xx_crc.o ABSOLUTE
    ..\\FWLIB\\src\\stm32f4xx_cryp.c         0x00000000   Number         0  stm32f4xx_cryp.o ABSOLUTE
    ..\\FWLIB\\src\\stm32f4xx_cryp_aes.c     0x00000000   Number         0  stm32f4xx_cryp_aes.o ABSOLUTE
    ..\\FWLIB\\src\\stm32f4xx_cryp_des.c     0x00000000   Number         0  stm32f4xx_cryp_des.o ABSOLUTE
    ..\\FWLIB\\src\\stm32f4xx_cryp_tdes.c    0x00000000   Number         0  stm32f4xx_cryp_tdes.o ABSOLUTE
    ..\\FWLIB\\src\\stm32f4xx_dac.c          0x00000000   Number         0  stm32f4xx_dac.o ABSOLUTE
    ..\\FWLIB\\src\\stm32f4xx_dbgmcu.c       0x00000000   Number         0  stm32f4xx_dbgmcu.o ABSOLUTE
    ..\\FWLIB\\src\\stm32f4xx_dcmi.c         0x00000000   Number         0  stm32f4xx_dcmi.o ABSOLUTE
    ..\\FWLIB\\src\\stm32f4xx_dma.c          0x00000000   Number         0  stm32f4xx_dma.o ABSOLUTE
    ..\\FWLIB\\src\\stm32f4xx_dma2d.c        0x00000000   Number         0  stm32f4xx_dma2d.o ABSOLUTE
    ..\\FWLIB\\src\\stm32f4xx_exti.c         0x00000000   Number         0  stm32f4xx_exti.o ABSOLUTE
    ..\\FWLIB\\src\\stm32f4xx_flash.c        0x00000000   Number         0  stm32f4xx_flash.o ABSOLUTE
    ..\\FWLIB\\src\\stm32f4xx_flash_ramfunc.c 0x00000000   Number         0  stm32f4xx_flash_ramfunc.o ABSOLUTE
    ..\\FWLIB\\src\\stm32f4xx_fsmc.c         0x00000000   Number         0  stm32f4xx_fsmc.o ABSOLUTE
    ..\\FWLIB\\src\\stm32f4xx_gpio.c         0x00000000   Number         0  stm32f4xx_gpio.o ABSOLUTE
    ..\\FWLIB\\src\\stm32f4xx_hash.c         0x00000000   Number         0  stm32f4xx_hash.o ABSOLUTE
    ..\\FWLIB\\src\\stm32f4xx_hash_md5.c     0x00000000   Number         0  stm32f4xx_hash_md5.o ABSOLUTE
    ..\\FWLIB\\src\\stm32f4xx_hash_sha1.c    0x00000000   Number         0  stm32f4xx_hash_sha1.o ABSOLUTE
    ..\\FWLIB\\src\\stm32f4xx_i2c.c          0x00000000   Number         0  stm32f4xx_i2c.o ABSOLUTE
    ..\\FWLIB\\src\\stm32f4xx_iwdg.c         0x00000000   Number         0  stm32f4xx_iwdg.o ABSOLUTE
    ..\\FWLIB\\src\\stm32f4xx_ltdc.c         0x00000000   Number         0  stm32f4xx_ltdc.o ABSOLUTE
    ..\\FWLIB\\src\\stm32f4xx_pwr.c          0x00000000   Number         0  stm32f4xx_pwr.o ABSOLUTE
    ..\\FWLIB\\src\\stm32f4xx_rcc.c          0x00000000   Number         0  stm32f4xx_rcc.o ABSOLUTE
    ..\\FWLIB\\src\\stm32f4xx_rng.c          0x00000000   Number         0  stm32f4xx_rng.o ABSOLUTE
    ..\\FWLIB\\src\\stm32f4xx_rtc.c          0x00000000   Number         0  stm32f4xx_rtc.o ABSOLUTE
    ..\\FWLIB\\src\\stm32f4xx_sai.c          0x00000000   Number         0  stm32f4xx_sai.o ABSOLUTE
    ..\\FWLIB\\src\\stm32f4xx_sdio.c         0x00000000   Number         0  stm32f4xx_sdio.o ABSOLUTE
    ..\\FWLIB\\src\\stm32f4xx_spi.c          0x00000000   Number         0  stm32f4xx_spi.o ABSOLUTE
    ..\\FWLIB\\src\\stm32f4xx_syscfg.c       0x00000000   Number         0  stm32f4xx_syscfg.o ABSOLUTE
    ..\\FWLIB\\src\\stm32f4xx_tim.c          0x00000000   Number         0  stm32f4xx_tim.o ABSOLUTE
    ..\\FWLIB\\src\\stm32f4xx_usart.c        0x00000000   Number         0  stm32f4xx_usart.o ABSOLUTE
    ..\\FWLIB\\src\\stm32f4xx_wwdg.c         0x00000000   Number         0  stm32f4xx_wwdg.o ABSOLUTE
    ..\\HARDWARE\\ADC.c                      0x00000000   Number         0  adc.o ABSOLUTE
    ..\\HARDWARE\\ADC_DianWei.c              0x00000000   Number         0  adc_dianwei.o ABSOLUTE
    ..\\HARDWARE\\BEEP.c                     0x00000000   Number         0  beep.o ABSOLUTE
    ..\\HARDWARE\\Beep_AlarmPwm.c            0x00000000   Number         0  beep_alarmpwm.o ABSOLUTE
    ..\\HARDWARE\\IIC_AT24C02_OLED\\AT24C02.c 0x00000000   Number         0  at24c02.o ABSOLUTE
    ..\\HARDWARE\\IIC_AT24C02_OLED\\IIIC.c   0x00000000   Number         0  iiic.o ABSOLUTE
    ..\\HARDWARE\\IIC_AT24C02_OLED\\oled.c   0x00000000   Number         0  oled.o ABSOLUTE
    ..\\HARDWARE\\KEY.c                      0x00000000   Number         0  key.o ABSOLUTE
    ..\\HARDWARE\\LED.c                      0x00000000   Number         0  led.o ABSOLUTE
    ..\\HARDWARE\\SPI_W25Q64\\SPI.c          0x00000000   Number         0  spi.o ABSOLUTE
    ..\\HARDWARE\\SPI_W25Q64\\W25Q64.c       0x00000000   Number         0  w25q64.o ABSOLUTE
    ..\\HARDWARE\\USART.c                    0x00000000   Number         0  usart.o ABSOLUTE
    ..\\HARDWARE\\breathled.c                0x00000000   Number         0  breathled.o ABSOLUTE
    ..\\HARDWARE\\dht11.c                    0x00000000   Number         0  dht11.o ABSOLUTE
    ..\\HARDWARE\\esp8266.c                  0x00000000   Number         0  esp8266.o ABSOLUTE
    ..\\HARDWARE\\interrupt.c                0x00000000   Number         0  interrupt.o ABSOLUTE
    ..\\HARDWARE\\pwmfan.c                   0x00000000   Number         0  pwmfan.o ABSOLUTE
    ..\\HARDWARE\\timer.c                    0x00000000   Number         0  timer.o ABSOLUTE
    ..\\SYSTEM\\delay\\delay.c               0x00000000   Number         0  delay.o ABSOLUTE
    ..\\SYSTEM\\sys\\sys.c                   0x00000000   Number         0  sys.o ABSOLUTE
    cdrcmple.s                               0x00000000   Number         0  cdrcmple.o ABSOLUTE
    dc.s                                     0x00000000   Number         0  dc.o ABSOLUTE
    handlers.s                               0x00000000   Number         0  handlers.o ABSOLUTE
    init.s                                   0x00000000   Number         0  init.o ABSOLUTE
    system_stm32f4xx.c                       0x00000000   Number         0  system_stm32f4xx.o ABSOLUTE
    system_stm32f4xx.c                       0x00000000   Number         0  system_stm32f4xx.o ABSOLUTE
    user.c                                   0x00000000   Number         0  user.o ABSOLUTE
    user.c                                   0x00000000   Number         0  user.o ABSOLUTE
    RESET                                    0x08000000   Section      392  startup_stm32f40_41xxx.o(RESET)
    .ARM.Collect$$$$00000000                 0x08000188   Section        0  entry.o(.ARM.Collect$$$$00000000)
    .ARM.Collect$$$$00000001                 0x08000188   Section        4  entry2.o(.ARM.Collect$$$$00000001)
    .ARM.Collect$$$$00000004                 0x0800018c   Section        4  entry5.o(.ARM.Collect$$$$00000004)
    .ARM.Collect$$$$00000008                 0x08000190   Section        0  entry7b.o(.ARM.Collect$$$$00000008)
    .ARM.Collect$$$$0000000A                 0x08000190   Section        0  entry8b.o(.ARM.Collect$$$$0000000A)
    .ARM.Collect$$$$0000000B                 0x08000190   Section        8  entry9a.o(.ARM.Collect$$$$0000000B)
    .ARM.Collect$$$$0000000D                 0x08000198   Section        0  entry10a.o(.ARM.Collect$$$$0000000D)
    .ARM.Collect$$$$0000000F                 0x08000198   Section        0  entry11a.o(.ARM.Collect$$$$0000000F)
    .ARM.Collect$$$$00002712                 0x08000198   Section        4  entry2.o(.ARM.Collect$$$$00002712)
    __lit__00000000                          0x08000198   Data           4  entry2.o(.ARM.Collect$$$$00002712)
    .text                                    0x0800019c   Section       36  startup_stm32f40_41xxx.o(.text)
    $v0                                      0x0800019c   Number         0  startup_stm32f40_41xxx.o(.text)
    .text                                    0x080001c0   Section        0  strlen.o(.text)
    .text                                    0x080001d0   Section        0  strtok.o(.text)
    .text                                    0x08000214   Section        0  dmul.o(.text)
    .text                                    0x080002f8   Section        0  f2d.o(.text)
    .text                                    0x0800031e   Section        0  d2f.o(.text)
    .text                                    0x08000356   Section        0  uidiv.o(.text)
    .text                                    0x08000382   Section        0  uldiv.o(.text)
    .text                                    0x080003e4   Section        0  fepilogue.o(.text)
    .text                                    0x080003e4   Section        0  iusefp.o(.text)
    .text                                    0x08000452   Section        0  depilogue.o(.text)
    .text                                    0x0800050c   Section        0  dadd.o(.text)
    .text                                    0x0800065a   Section        0  ddiv.o(.text)
    .text                                    0x08000738   Section        0  dfixul.o(.text)
    .text                                    0x08000768   Section       48  cdrcmple.o(.text)
    .text                                    0x08000798   Section       36  init.o(.text)
    .text                                    0x080007bc   Section        0  llshl.o(.text)
    .text                                    0x080007da   Section        0  llushr.o(.text)
    .text                                    0x080007fa   Section        0  llsshr.o(.text)
    .text                                    0x0800081e   Section        0  __dclz77c.o(.text)
    i.ADC_Cmd                                0x0800087c   Section        0  stm32f4xx_adc.o(i.ADC_Cmd)
    i.ADC_CommonInit                         0x08000894   Section        0  stm32f4xx_adc.o(i.ADC_CommonInit)
    i.ADC_DianWei_Config                     0x080008c4   Section        0  adc_dianwei.o(i.ADC_DianWei_Config)
    i.ADC_GUANG_Config                       0x08000938   Section        0  adc.o(i.ADC_GUANG_Config)
    i.ADC_GetConversionValue                 0x080009ac   Section        0  stm32f4xx_adc.o(i.ADC_GetConversionValue)
    i.ADC_GetFlagStatus                      0x080009b4   Section        0  stm32f4xx_adc.o(i.ADC_GetFlagStatus)
    i.ADC_Init                               0x080009c8   Section        0  stm32f4xx_adc.o(i.ADC_Init)
    i.ADC_RegularChannelConfig               0x08000a1c   Section        0  stm32f4xx_adc.o(i.ADC_RegularChannelConfig)
    i.ADC_SoftwareStartConv                  0x08000ad4   Section        0  stm32f4xx_adc.o(i.ADC_SoftwareStartConv)
    i.AT24OC02_Init                          0x08000ade   Section        0  at24c02.o(i.AT24OC02_Init)
    i.AT24OC02_Read_Byte                     0x08000b00   Section        0  at24c02.o(i.AT24OC02_Read_Byte)
    i.AT24OC02_Wriet_Byte                    0x08000b5e   Section        0  at24c02.o(i.AT24OC02_Wriet_Byte)
    i.BeepAlarm                              0x08000bac   Section        0  beep.o(i.BeepAlarm)
    i.BeepConfig                             0x08000bdc   Section        0  beep.o(i.BeepConfig)
    i.BeepOff                                0x08000c1c   Section        0  beep.o(i.BeepOff)
    i.BeepOn                                 0x08000c30   Section        0  beep.o(i.BeepOn)
    i.Beep_Control                           0x08000c44   Section        0  beep_alarmpwm.o(i.Beep_Control)
    i.EXTI15_10_IRQHandler                   0x08000c5a   Section        0  interrupt.o(i.EXTI15_10_IRQHandler)
    i.EXTI4_IRQHandler                       0x08000c74   Section        0  interrupt.o(i.EXTI4_IRQHandler)
    i.EXTI9_5_IRQHandler                     0x08000ccc   Section        0  interrupt.o(i.EXTI9_5_IRQHandler)
    i.EXTI_ClearITPendingBit                 0x08000d48   Section        0  stm32f4xx_exti.o(i.EXTI_ClearITPendingBit)
    i.EXTI_Init                              0x08000d54   Section        0  stm32f4xx_exti.o(i.EXTI_Init)
    i.Fan_Control                            0x08000de8   Section        0  pwmfan.o(i.Fan_Control)
    i.GPIO_Init                              0x08000e00   Section        0  stm32f4xx_gpio.o(i.GPIO_Init)
    i.GPIO_PinAFConfig                       0x08000e90   Section        0  stm32f4xx_gpio.o(i.GPIO_PinAFConfig)
    i.GPIO_ReadInputDataBit                  0x08000ed6   Section        0  stm32f4xx_gpio.o(i.GPIO_ReadInputDataBit)
    i.GPIO_ResetBits                         0x08000ee8   Section        0  stm32f4xx_gpio.o(i.GPIO_ResetBits)
    i.GPIO_SetBits                           0x08000eec   Section        0  stm32f4xx_gpio.o(i.GPIO_SetBits)
    i.GPIO_WriteBit                          0x08000ef0   Section        0  stm32f4xx_gpio.o(i.GPIO_WriteBit)
    i.Get_ADC_dianwei_Channel                0x08000efc   Section        0  adc_dianwei.o(i.Get_ADC_dianwei_Channel)
    i.Get_AdcChannel                         0x08000f2c   Section        0  adc.o(i.Get_AdcChannel)
    i.IIC_Config                             0x08000f5c   Section        0  iiic.o(i.IIC_Config)
    i.IIC_End                                0x08000f8c   Section        0  iiic.o(i.IIC_End)
    i.IIC_GetByte                            0x08000fc8   Section        0  iiic.o(i.IIC_GetByte)
    i.IIC_Get_Ack                            0x0800103c   Section        0  iiic.o(i.IIC_Get_Ack)
    i.IIC_INMODE                             0x08001094   Section        0  iiic.o(i.IIC_INMODE)
    i.IIC_OUTMODE                            0x080010ac   Section        0  iiic.o(i.IIC_OUTMODE)
    i.IIC_SendAck                            0x080010c8   Section        0  iiic.o(i.IIC_SendAck)
    i.IIC_SendByte                           0x08001114   Section        0  iiic.o(i.IIC_SendByte)
    i.IIC_Start                              0x0800117c   Section        0  iiic.o(i.IIC_Start)
    i.INTERRUPT_KEY1_Config                  0x080011b0   Section        0  interrupt.o(i.INTERRUPT_KEY1_Config)
    i.INTERRUPT_KEY2_Config                  0x08001224   Section        0  interrupt.o(i.INTERRUPT_KEY2_Config)
    i.INTERRUPT_KEY3_Config                  0x08001298   Section        0  interrupt.o(i.INTERRUPT_KEY3_Config)
    i.INTERRUPT_KEY4_Config                  0x0800130c   Section        0  interrupt.o(i.INTERRUPT_KEY4_Config)
    i.InitOLed                               0x08001384   Section        0  oled.o(i.InitOLed)
    i.Key1_2_3_Config                        0x08001438   Section        0  key.o(i.Key1_2_3_Config)
    i.Key_4_Config                           0x0800146c   Section        0  key.o(i.Key_4_Config)
    i.LED_Config                             0x080014a0   Section        0  led.o(i.LED_Config)
    i.Led_Breath                             0x080014f4   Section        0  breathled.o(i.Led_Breath)
    i.Led_Control                            0x08001534   Section        0  breathled.o(i.Led_Control)
    i.NVIC_Init                              0x08001554   Section        0  misc.o(i.NVIC_Init)
    i.NVIC_PriorityGroupConfig               0x080015cc   Section        0  misc.o(i.NVIC_PriorityGroupConfig)
    i.OLed_Fill                              0x080015e0   Section        0  oled.o(i.OLed_Fill)
    i.OLed_SetPos                            0x0800161a   Section        0  oled.o(i.OLed_SetPos)
    i.OLed_ShowChina                         0x0800163e   Section        0  oled.o(i.OLed_ShowChina)
    i.Oled_Temp                              0x08001688   Section        0  user.o(i.Oled_Temp)
    i.Oled_print                             0x08001744   Section        0  oled.o(i.Oled_print)
    i.Pwm_Alarm                              0x080017b8   Section        0  beep_alarmpwm.o(i.Pwm_Alarm)
    i.RCC_AHB1PeriphClockCmd                 0x080017f4   Section        0  stm32f4xx_rcc.o(i.RCC_AHB1PeriphClockCmd)
    i.RCC_APB1PeriphClockCmd                 0x08001814   Section        0  stm32f4xx_rcc.o(i.RCC_APB1PeriphClockCmd)
    i.RCC_APB2PeriphClockCmd                 0x08001834   Section        0  stm32f4xx_rcc.o(i.RCC_APB2PeriphClockCmd)
    i.RCC_GetClocksFreq                      0x08001854   Section        0  stm32f4xx_rcc.o(i.RCC_GetClocksFreq)
    i.SPI1_Wriet_Read                        0x0800193c   Section        0  spi.o(i.SPI1_Wriet_Read)
    i.SPI_Cmd                                0x08001974   Section        0  stm32f4xx_spi.o(i.SPI_Cmd)
    i.SPI_Config                             0x0800198c   Section        0  spi.o(i.SPI_Config)
    i.SPI_I2S_GetFlagStatus                  0x08001a34   Section        0  stm32f4xx_spi.o(i.SPI_I2S_GetFlagStatus)
    i.SPI_I2S_ReceiveData                    0x08001a46   Section        0  stm32f4xx_spi.o(i.SPI_I2S_ReceiveData)
    i.SPI_I2S_SendData                       0x08001a4c   Section        0  stm32f4xx_spi.o(i.SPI_I2S_SendData)
    i.SPI_Init                               0x08001a50   Section        0  stm32f4xx_spi.o(i.SPI_Init)
    i.SYSCFG_EXTILineConfig                  0x08001a8c   Section        0  stm32f4xx_syscfg.o(i.SYSCFG_EXTILineConfig)
    i.SetSysClock                            0x08001acc   Section        0  system_stm32f4xx.o(i.SetSysClock)
    SetSysClock                              0x08001acd   Thumb Code   220  system_stm32f4xx.o(i.SetSysClock)
    i.SysTick_CLKSourceConfig                0x08001bb8   Section        0  misc.o(i.SysTick_CLKSourceConfig)
    i.SystemInit                             0x08001be0   Section        0  system_stm32f4xx.o(i.SystemInit)
    i.TIM4_IRQHandler                        0x08001c48   Section        0  timer.o(i.TIM4_IRQHandler)
    i.TIM_ARRPreloadConfig                   0x08001c58   Section        0  stm32f4xx_tim.o(i.TIM_ARRPreloadConfig)
    i.TIM_ClearITPendingBit                  0x08001c70   Section        0  stm32f4xx_tim.o(i.TIM_ClearITPendingBit)
    i.TIM_Cmd                                0x08001c76   Section        0  stm32f4xx_tim.o(i.TIM_Cmd)
    i.TIM_CtrlPWMOutputs                     0x08001c8e   Section        0  stm32f4xx_tim.o(i.TIM_CtrlPWMOutputs)
    i.TIM_OC1Init                            0x08001cac   Section        0  stm32f4xx_tim.o(i.TIM_OC1Init)
    i.TIM_OC1PreloadConfig                   0x08001d28   Section        0  stm32f4xx_tim.o(i.TIM_OC1PreloadConfig)
    i.TIM_OC2Init                            0x08001d3c   Section        0  stm32f4xx_tim.o(i.TIM_OC2Init)
    i.TIM_OC2PreloadConfig                   0x08001de0   Section        0  stm32f4xx_tim.o(i.TIM_OC2PreloadConfig)
    i.TIM_OC3Init                            0x08001dfc   Section        0  stm32f4xx_tim.o(i.TIM_OC3Init)
    i.TIM_OC3PreloadConfig                   0x08001e9c   Section        0  stm32f4xx_tim.o(i.TIM_OC3PreloadConfig)
    i.TIM_SetCompare1                        0x08001eae   Section        0  stm32f4xx_tim.o(i.TIM_SetCompare1)
    i.TIM_SetCompare2                        0x08001eb2   Section        0  stm32f4xx_tim.o(i.TIM_SetCompare2)
    i.TIM_SetCompare3                        0x08001eb6   Section        0  stm32f4xx_tim.o(i.TIM_SetCompare3)
    i.TIM_TimeBaseInit                       0x08001ebc   Section        0  stm32f4xx_tim.o(i.TIM_TimeBaseInit)
    i.Temp_Light                             0x08001f40   Section        0  user.o(i.Temp_Light)
    i.Timer12_Ch2_PwmConfig                  0x080020c8   Section        0  pwmfan.o(i.Timer12_Ch2_PwmConfig)
    i.Timer2_BEEP_PwmConfig                  0x0800216c   Section        0  beep_alarmpwm.o(i.Timer2_BEEP_PwmConfig)
    i.USART1_IRQHandler                      0x08002210   Section        0  usart.o(i.USART1_IRQHandler)
    i.USART2_IRQHandler                      0x08002420   Section        0  esp8266.o(i.USART2_IRQHandler)
    i.USART_ClearITPendingBit                0x08002754   Section        0  stm32f4xx_usart.o(i.USART_ClearITPendingBit)
    i.USART_Cllect                           0x08002774   Section        0  user.o(i.USART_Cllect)
    i.USART_Cmd                              0x080027f0   Section        0  stm32f4xx_usart.o(i.USART_Cmd)
    i.USART_GetFlagStatus                    0x08002808   Section        0  stm32f4xx_usart.o(i.USART_GetFlagStatus)
    i.USART_GetITStatus                      0x08002822   Section        0  stm32f4xx_usart.o(i.USART_GetITStatus)
    i.USART_ITConfig                         0x08002876   Section        0  stm32f4xx_usart.o(i.USART_ITConfig)
    i.USART_Init                             0x080028c0   Section        0  stm32f4xx_usart.o(i.USART_Init)
    i.USART_ReceiveData                      0x08002994   Section        0  stm32f4xx_usart.o(i.USART_ReceiveData)
    i.Usart_Config                           0x080029a0   Section        0  usart.o(i.Usart_Config)
    i.W25Q64_Check_busy                      0x08002a4c   Section        0  w25q64.o(i.W25Q64_Check_busy)
    i.W25Q64_Config                          0x08002a80   Section        0  w25q64.o(i.W25Q64_Config)
    i.W25Q64_Erase_allChip                   0x08002af0   Section        0  w25q64.o(i.W25Q64_Erase_allChip)
    i.W25Q64_Read_Data                       0x08002b1c   Section        0  w25q64.o(i.W25Q64_Read_Data)
    i.W25Q64_Write_Enable                    0x08002b70   Section        0  w25q64.o(i.W25Q64_Write_Enable)
    i.W25Q64_Write_Page                      0x08002b90   Section        0  w25q64.o(i.W25Q64_Write_Page)
    i.WriteOLedCmd                           0x08002be4   Section        0  oled.o(i.WriteOLedCmd)
    i.WriteOLedData                          0x08002c12   Section        0  oled.o(i.WriteOLedData)
    i.__0printf                              0x08002c44   Section        0  printfa.o(i.__0printf)
    i.__0sprintf                             0x08002c64   Section        0  printfa.o(i.__0sprintf)
    i.__scatterload_copy                     0x08002c8c   Section       14  handlers.o(i.__scatterload_copy)
    i.__scatterload_null                     0x08002c9a   Section        2  handlers.o(i.__scatterload_null)
    i.__scatterload_zeroinit                 0x08002c9c   Section       14  handlers.o(i.__scatterload_zeroinit)
    i._fp_digits                             0x08002cac   Section        0  printfa.o(i._fp_digits)
    _fp_digits                               0x08002cad   Thumb Code   334  printfa.o(i._fp_digits)
    i._printf_core                           0x08002e10   Section        0  printfa.o(i._printf_core)
    _printf_core                             0x08002e11   Thumb Code  1744  printfa.o(i._printf_core)
    i._printf_post_padding                   0x080034ec   Section        0  printfa.o(i._printf_post_padding)
    _printf_post_padding                     0x080034ed   Thumb Code    36  printfa.o(i._printf_post_padding)
    i._printf_pre_padding                    0x08003510   Section        0  printfa.o(i._printf_pre_padding)
    _printf_pre_padding                      0x08003511   Thumb Code    46  printfa.o(i._printf_pre_padding)
    i._sputc                                 0x0800353e   Section        0  printfa.o(i._sputc)
    _sputc                                   0x0800353f   Thumb Code    10  printfa.o(i._sputc)
    i.delay                                  0x08003548   Section        0  led.o(i.delay)
    i.delay_init                             0x0800355c   Section        0  delay.o(i.delay_init)
    i.delay_ms                               0x08003598   Section        0  delay.o(i.delay_ms)
    i.delay_us                               0x080035d0   Section        0  delay.o(i.delay_us)
    i.delay_xms                              0x0800361c   Section        0  delay.o(i.delay_xms)
    i.dht11_Config                           0x08003668   Section        0  dht11.o(i.dht11_Config)
    i.dht11_Inmod                            0x0800369c   Section        0  dht11.o(i.dht11_Inmod)
    i.dht11_Outmod                           0x080036bc   Section        0  dht11.o(i.dht11_Outmod)
    i.dht11_ReadBytes                        0x080036e8   Section        0  dht11.o(i.dht11_ReadBytes)
    i.dht11_ReadData                         0x08003748   Section        0  dht11.o(i.dht11_ReadData)
    i.fputc                                  0x08003804   Section        0  usart.o(i.fputc)
    i.live_collect                           0x08003820   Section        0  user.o(i.live_collect)
    i.main                                   0x08003838   Section        0  user.o(i.main)
    i.pwm_ledconfig                          0x080038ac   Section        0  breathled.o(i.pwm_ledconfig)
    i.uart2init                              0x08003994   Section        0  esp8266.o(i.uart2init)
    .constdata                               0x08003a3c   Section     1520  oled.o(.constdata)
    .data                                    0x20000000   Section       28  user.o(.data)
    .data                                    0x2000001c   Section        9  dht11.o(.data)
    .data                                    0x20000028   Section        4  breathled.o(.data)
    .data                                    0x2000002c   Section        4  beep_alarmpwm.o(.data)
    .data                                    0x20000030   Section      480  oled.o(.data)
    .data                                    0x20000210   Section        4  delay.o(.data)
    fac_us                                   0x20000210   Data           1  delay.o(.data)
    fac_ms                                   0x20000212   Data           2  delay.o(.data)
    .data                                    0x20000214   Section       16  stm32f4xx_rcc.o(.data)
    APBAHBPrescTable                         0x20000214   Data          16  stm32f4xx_rcc.o(.data)
    .data                                    0x20000224   Section        4  strtok.o(.data)
    state                                    0x20000224   Data           4  strtok.o(.data)
    .data                                    0x20000228   Section        4  stdout.o(.data)
    .bss                                     0x2000022c   Section      572  user.o(.bss)
    STACK                                    0x20000468   Section     1024  startup_stm32f40_41xxx.o(STACK)

    Global Symbols

    Symbol Name                              Value     Ov Type        Size  Object(Section)

    BuildAttributes$$THM_ISAv4$E$P$D$K$B$S$7EM$VFPi3$EXTD16$VFPS$VFMA$PE$A:L22UL41UL21$X:L11$S22US41US21$IEEE1$IW$USESV6$~STKCKD$USESV7$~SHL$OTIME$ROPI$EBA8$MICROLIB$REQ8$PRES8$EABIv2 0x00000000   Number         0  anon$$obj.o ABSOLUTE
    __ARM_use_no_argv                        0x00000000   Number         0  user.o ABSOLUTE
    _printf_a                                0x00000000   Number         0  stubs.o ABSOLUTE
    _printf_c                                0x00000000   Number         0  stubs.o ABSOLUTE
    _printf_charcount                        0x00000000   Number         0  stubs.o ABSOLUTE
    _printf_d                                0x00000000   Number         0  stubs.o ABSOLUTE
    _printf_e                                0x00000000   Number         0  stubs.o ABSOLUTE
    _printf_f                                0x00000000   Number         0  stubs.o ABSOLUTE
    _printf_flags                            0x00000000   Number         0  stubs.o ABSOLUTE
    _printf_fp_dec                           0x00000000   Number         0  stubs.o ABSOLUTE
    _printf_fp_hex                           0x00000000   Number         0  stubs.o ABSOLUTE
    _printf_g                                0x00000000   Number         0  stubs.o ABSOLUTE
    _printf_i                                0x00000000   Number         0  stubs.o ABSOLUTE
    _printf_int_dec                          0x00000000   Number         0  stubs.o ABSOLUTE
    _printf_l                                0x00000000   Number         0  stubs.o ABSOLUTE
    _printf_lc                               0x00000000   Number         0  stubs.o ABSOLUTE
    _printf_ll                               0x00000000   Number         0  stubs.o ABSOLUTE
    _printf_lld                              0x00000000   Number         0  stubs.o ABSOLUTE
    _printf_lli                              0x00000000   Number         0  stubs.o ABSOLUTE
    _printf_llo                              0x00000000   Number         0  stubs.o ABSOLUTE
    _printf_llu                              0x00000000   Number         0  stubs.o ABSOLUTE
    _printf_llx                              0x00000000   Number         0  stubs.o ABSOLUTE
    _printf_longlong_dec                     0x00000000   Number         0  stubs.o ABSOLUTE
    _printf_longlong_hex                     0x00000000   Number         0  stubs.o ABSOLUTE
    _printf_longlong_oct                     0x00000000   Number         0  stubs.o ABSOLUTE
    _printf_ls                               0x00000000   Number         0  stubs.o ABSOLUTE
    _printf_mbtowc                           0x00000000   Number         0  stubs.o ABSOLUTE
    _printf_n                                0x00000000   Number         0  stubs.o ABSOLUTE
    _printf_o                                0x00000000   Number         0  stubs.o ABSOLUTE
    _printf_p                                0x00000000   Number         0  stubs.o ABSOLUTE
    _printf_percent                          0x00000000   Number         0  stubs.o ABSOLUTE
    _printf_pre_padding                      0x00000000   Number         0  stubs.o ABSOLUTE
    _printf_return_value                     0x00000000   Number         0  stubs.o ABSOLUTE
    _printf_s                                0x00000000   Number         0  stubs.o ABSOLUTE
    _printf_sizespec                         0x00000000   Number         0  stubs.o ABSOLUTE
    _printf_str                              0x00000000   Number         0  stubs.o ABSOLUTE
    _printf_truncate_signed                  0x00000000   Number         0  stubs.o ABSOLUTE
    _printf_truncate_unsigned                0x00000000   Number         0  stubs.o ABSOLUTE
    _printf_u                                0x00000000   Number         0  stubs.o ABSOLUTE
    _printf_wc                               0x00000000   Number         0  stubs.o ABSOLUTE
    _printf_wctomb                           0x00000000   Number         0  stubs.o ABSOLUTE
    _printf_widthprec                        0x00000000   Number         0  stubs.o ABSOLUTE
    _printf_x                                0x00000000   Number         0  stubs.o ABSOLUTE
    __cpp_initialize__aeabi_                  - Undefined Weak Reference
    __cxa_finalize                            - Undefined Weak Reference
    _clock_init                               - Undefined Weak Reference
    _microlib_exit                            - Undefined Weak Reference
    __Vectors_Size                           0x00000188   Number         0  startup_stm32f40_41xxx.o ABSOLUTE
    __Vectors                                0x08000000   Data           4  startup_stm32f40_41xxx.o(RESET)
    __Vectors_End                            0x08000188   Data           0  startup_stm32f40_41xxx.o(RESET)
    __main                                   0x08000189   Thumb Code     0  entry.o(.ARM.Collect$$$$00000000)
    _main_stk                                0x08000189   Thumb Code     0  entry2.o(.ARM.Collect$$$$00000001)
    _main_scatterload                        0x0800018d   Thumb Code     0  entry5.o(.ARM.Collect$$$$00000004)
    __main_after_scatterload                 0x08000191   Thumb Code     0  entry5.o(.ARM.Collect$$$$00000004)
    _main_clock                              0x08000191   Thumb Code     0  entry7b.o(.ARM.Collect$$$$00000008)
    _main_cpp_init                           0x08000191   Thumb Code     0  entry8b.o(.ARM.Collect$$$$0000000A)
    _main_init                               0x08000191   Thumb Code     0  entry9a.o(.ARM.Collect$$$$0000000B)
    __rt_final_cpp                           0x08000199   Thumb Code     0  entry10a.o(.ARM.Collect$$$$0000000D)
    __rt_final_exit                          0x08000199   Thumb Code     0  entry11a.o(.ARM.Collect$$$$0000000F)
    Reset_Handler                            0x0800019d   Thumb Code     8  startup_stm32f40_41xxx.o(.text)
    NMI_Handler                              0x080001a5   Thumb Code     2  startup_stm32f40_41xxx.o(.text)
    HardFault_Handler                        0x080001a7   Thumb Code     2  startup_stm32f40_41xxx.o(.text)
    MemManage_Handler                        0x080001a9   Thumb Code     2  startup_stm32f40_41xxx.o(.text)
    BusFault_Handler                         0x080001ab   Thumb Code     2  startup_stm32f40_41xxx.o(.text)
    UsageFault_Handler                       0x080001ad   Thumb Code     2  startup_stm32f40_41xxx.o(.text)
    SVC_Handler                              0x080001af   Thumb Code     2  startup_stm32f40_41xxx.o(.text)
    DebugMon_Handler                         0x080001b1   Thumb Code     2  startup_stm32f40_41xxx.o(.text)
    PendSV_Handler                           0x080001b3   Thumb Code     2  startup_stm32f40_41xxx.o(.text)
    SysTick_Handler                          0x080001b5   Thumb Code     2  startup_stm32f40_41xxx.o(.text)
    ADC_IRQHandler                           0x080001b7   Thumb Code     0  startup_stm32f40_41xxx.o(.text)
    CAN1_RX0_IRQHandler                      0x080001b7   Thumb Code     0  startup_stm32f40_41xxx.o(.text)
    CAN1_RX1_IRQHandler                      0x080001b7   Thumb Code     0  startup_stm32f40_41xxx.o(.text)
    CAN1_SCE_IRQHandler                      0x080001b7   Thumb Code     0  startup_stm32f40_41xxx.o(.text)
    CAN1_TX_IRQHandler                       0x080001b7   Thumb Code     0  startup_stm32f40_41xxx.o(.text)
    CAN2_RX0_IRQHandler                      0x080001b7   Thumb Code     0  startup_stm32f40_41xxx.o(.text)
    CAN2_RX1_IRQHandler                      0x080001b7   Thumb Code     0  startup_stm32f40_41xxx.o(.text)
    CAN2_SCE_IRQHandler                      0x080001b7   Thumb Code     0  startup_stm32f40_41xxx.o(.text)
    CAN2_TX_IRQHandler                       0x080001b7   Thumb Code     0  startup_stm32f40_41xxx.o(.text)
    CRYP_IRQHandler                          0x080001b7   Thumb Code     0  startup_stm32f40_41xxx.o(.text)
    DCMI_IRQHandler                          0x080001b7   Thumb Code     0  startup_stm32f40_41xxx.o(.text)
    DMA1_Stream0_IRQHandler                  0x080001b7   Thumb Code     0  startup_stm32f40_41xxx.o(.text)
    DMA1_Stream1_IRQHandler                  0x080001b7   Thumb Code     0  startup_stm32f40_41xxx.o(.text)
    DMA1_Stream2_IRQHandler                  0x080001b7   Thumb Code     0  startup_stm32f40_41xxx.o(.text)
    DMA1_Stream3_IRQHandler                  0x080001b7   Thumb Code     0  startup_stm32f40_41xxx.o(.text)
    DMA1_Stream4_IRQHandler                  0x080001b7   Thumb Code     0  startup_stm32f40_41xxx.o(.text)
    DMA1_Stream5_IRQHandler                  0x080001b7   Thumb Code     0  startup_stm32f40_41xxx.o(.text)
    DMA1_Stream6_IRQHandler                  0x080001b7   Thumb Code     0  startup_stm32f40_41xxx.o(.text)
    DMA1_Stream7_IRQHandler                  0x080001b7   Thumb Code     0  startup_stm32f40_41xxx.o(.text)
    DMA2_Stream0_IRQHandler                  0x080001b7   Thumb Code     0  startup_stm32f40_41xxx.o(.text)
    DMA2_Stream1_IRQHandler                  0x080001b7   Thumb Code     0  startup_stm32f40_41xxx.o(.text)
    DMA2_Stream2_IRQHandler                  0x080001b7   Thumb Code     0  startup_stm32f40_41xxx.o(.text)
    DMA2_Stream3_IRQHandler                  0x080001b7   Thumb Code     0  startup_stm32f40_41xxx.o(.text)
    DMA2_Stream4_IRQHandler                  0x080001b7   Thumb Code     0  startup_stm32f40_41xxx.o(.text)
    DMA2_Stream5_IRQHandler                  0x080001b7   Thumb Code     0  startup_stm32f40_41xxx.o(.text)
    DMA2_Stream6_IRQHandler                  0x080001b7   Thumb Code     0  startup_stm32f40_41xxx.o(.text)
    DMA2_Stream7_IRQHandler                  0x080001b7   Thumb Code     0  startup_stm32f40_41xxx.o(.text)
    ETH_IRQHandler                           0x080001b7   Thumb Code     0  startup_stm32f40_41xxx.o(.text)
    ETH_WKUP_IRQHandler                      0x080001b7   Thumb Code     0  startup_stm32f40_41xxx.o(.text)
    EXTI0_IRQHandler                         0x080001b7   Thumb Code     0  startup_stm32f40_41xxx.o(.text)
    EXTI1_IRQHandler                         0x080001b7   Thumb Code     0  startup_stm32f40_41xxx.o(.text)
    EXTI2_IRQHandler                         0x080001b7   Thumb Code     0  startup_stm32f40_41xxx.o(.text)
    EXTI3_IRQHandler                         0x080001b7   Thumb Code     0  startup_stm32f40_41xxx.o(.text)
    FLASH_IRQHandler                         0x080001b7   Thumb Code     0  startup_stm32f40_41xxx.o(.text)
    FPU_IRQHandler                           0x080001b7   Thumb Code     0  startup_stm32f40_41xxx.o(.text)
    FSMC_IRQHandler                          0x080001b7   Thumb Code     0  startup_stm32f40_41xxx.o(.text)
    HASH_RNG_IRQHandler                      0x080001b7   Thumb Code     0  startup_stm32f40_41xxx.o(.text)
    I2C1_ER_IRQHandler                       0x080001b7   Thumb Code     0  startup_stm32f40_41xxx.o(.text)
    I2C1_EV_IRQHandler                       0x080001b7   Thumb Code     0  startup_stm32f40_41xxx.o(.text)
    I2C2_ER_IRQHandler                       0x080001b7   Thumb Code     0  startup_stm32f40_41xxx.o(.text)
    I2C2_EV_IRQHandler                       0x080001b7   Thumb Code     0  startup_stm32f40_41xxx.o(.text)
    I2C3_ER_IRQHandler                       0x080001b7   Thumb Code     0  startup_stm32f40_41xxx.o(.text)
    I2C3_EV_IRQHandler                       0x080001b7   Thumb Code     0  startup_stm32f40_41xxx.o(.text)
    OTG_FS_IRQHandler                        0x080001b7   Thumb Code     0  startup_stm32f40_41xxx.o(.text)
    OTG_FS_WKUP_IRQHandler                   0x080001b7   Thumb Code     0  startup_stm32f40_41xxx.o(.text)
    OTG_HS_EP1_IN_IRQHandler                 0x080001b7   Thumb Code     0  startup_stm32f40_41xxx.o(.text)
    OTG_HS_EP1_OUT_IRQHandler                0x080001b7   Thumb Code     0  startup_stm32f40_41xxx.o(.text)
    OTG_HS_IRQHandler                        0x080001b7   Thumb Code     0  startup_stm32f40_41xxx.o(.text)
    OTG_HS_WKUP_IRQHandler                   0x080001b7   Thumb Code     0  startup_stm32f40_41xxx.o(.text)
    PVD_IRQHandler                           0x080001b7   Thumb Code     0  startup_stm32f40_41xxx.o(.text)
    RCC_IRQHandler                           0x080001b7   Thumb Code     0  startup_stm32f40_41xxx.o(.text)
    RTC_Alarm_IRQHandler                     0x080001b7   Thumb Code     0  startup_stm32f40_41xxx.o(.text)
    RTC_WKUP_IRQHandler                      0x080001b7   Thumb Code     0  startup_stm32f40_41xxx.o(.text)
    SDIO_IRQHandler                          0x080001b7   Thumb Code     0  startup_stm32f40_41xxx.o(.text)
    SPI1_IRQHandler                          0x080001b7   Thumb Code     0  startup_stm32f40_41xxx.o(.text)
    SPI2_IRQHandler                          0x080001b7   Thumb Code     0  startup_stm32f40_41xxx.o(.text)
    SPI3_IRQHandler                          0x080001b7   Thumb Code     0  startup_stm32f40_41xxx.o(.text)
    TAMP_STAMP_IRQHandler                    0x080001b7   Thumb Code     0  startup_stm32f40_41xxx.o(.text)
    TIM1_BRK_TIM9_IRQHandler                 0x080001b7   Thumb Code     0  startup_stm32f40_41xxx.o(.text)
    TIM1_CC_IRQHandler                       0x080001b7   Thumb Code     0  startup_stm32f40_41xxx.o(.text)
    TIM1_TRG_COM_TIM11_IRQHandler            0x080001b7   Thumb Code     0  startup_stm32f40_41xxx.o(.text)
    TIM1_UP_TIM10_IRQHandler                 0x080001b7   Thumb Code     0  startup_stm32f40_41xxx.o(.text)
    TIM2_IRQHandler                          0x080001b7   Thumb Code     0  startup_stm32f40_41xxx.o(.text)
    TIM3_IRQHandler                          0x080001b7   Thumb Code     0  startup_stm32f40_41xxx.o(.text)
    TIM5_IRQHandler                          0x080001b7   Thumb Code     0  startup_stm32f40_41xxx.o(.text)
    TIM6_DAC_IRQHandler                      0x080001b7   Thumb Code     0  startup_stm32f40_41xxx.o(.text)
    TIM7_IRQHandler                          0x080001b7   Thumb Code     0  startup_stm32f40_41xxx.o(.text)
    TIM8_BRK_TIM12_IRQHandler                0x080001b7   Thumb Code     0  startup_stm32f40_41xxx.o(.text)
    TIM8_CC_IRQHandler                       0x080001b7   Thumb Code     0  startup_stm32f40_41xxx.o(.text)
    TIM8_TRG_COM_TIM14_IRQHandler            0x080001b7   Thumb Code     0  startup_stm32f40_41xxx.o(.text)
    TIM8_UP_TIM13_IRQHandler                 0x080001b7   Thumb Code     0  startup_stm32f40_41xxx.o(.text)
    UART4_IRQHandler                         0x080001b7   Thumb Code     0  startup_stm32f40_41xxx.o(.text)
    UART5_IRQHandler                         0x080001b7   Thumb Code     0  startup_stm32f40_41xxx.o(.text)
    USART3_IRQHandler                        0x080001b7   Thumb Code     0  startup_stm32f40_41xxx.o(.text)
    USART6_IRQHandler                        0x080001b7   Thumb Code     0  startup_stm32f40_41xxx.o(.text)
    WWDG_IRQHandler                          0x080001b7   Thumb Code     0  startup_stm32f40_41xxx.o(.text)
    strlen                                   0x080001c1   Thumb Code    14  strlen.o(.text)
    strtok                                   0x080001d1   Thumb Code    62  strtok.o(.text)
    __aeabi_dmul                             0x08000215   Thumb Code   228  dmul.o(.text)
    __aeabi_f2d                              0x080002f9   Thumb Code    38  f2d.o(.text)
    __aeabi_d2f                              0x0800031f   Thumb Code    56  d2f.o(.text)
    __aeabi_uidiv                            0x08000357   Thumb Code     0  uidiv.o(.text)
    __aeabi_uidivmod                         0x08000357   Thumb Code    44  uidiv.o(.text)
    __aeabi_uldivmod                         0x08000383   Thumb Code    98  uldiv.o(.text)
    __I$use$fp                               0x080003e5   Thumb Code     0  iusefp.o(.text)
    _float_round                             0x080003e5   Thumb Code    18  fepilogue.o(.text)
    _float_epilogue                          0x080003f7   Thumb Code    92  fepilogue.o(.text)
    _double_round                            0x08000453   Thumb Code    30  depilogue.o(.text)
    _double_epilogue                         0x08000471   Thumb Code   156  depilogue.o(.text)
    __aeabi_dadd                             0x0800050d   Thumb Code   322  dadd.o(.text)
    __aeabi_dsub                             0x0800064f   Thumb Code     6  dadd.o(.text)
    __aeabi_drsub                            0x08000655   Thumb Code     6  dadd.o(.text)
    __aeabi_ddiv                             0x0800065b   Thumb Code   222  ddiv.o(.text)
    __aeabi_d2ulz                            0x08000739   Thumb Code    48  dfixul.o(.text)
    __aeabi_cdrcmple                         0x08000769   Thumb Code    48  cdrcmple.o(.text)
    __scatterload                            0x08000799   Thumb Code    28  init.o(.text)
    __scatterload_rt2                        0x08000799   Thumb Code     0  init.o(.text)
    __aeabi_llsl                             0x080007bd   Thumb Code    30  llshl.o(.text)
    _ll_shift_l                              0x080007bd   Thumb Code     0  llshl.o(.text)
    __aeabi_llsr                             0x080007db   Thumb Code    32  llushr.o(.text)
    _ll_ushift_r                             0x080007db   Thumb Code     0  llushr.o(.text)
    __aeabi_lasr                             0x080007fb   Thumb Code    36  llsshr.o(.text)
    _ll_sshift_r                             0x080007fb   Thumb Code     0  llsshr.o(.text)
    __decompress                             0x0800081f   Thumb Code     0  __dclz77c.o(.text)
    __decompress2                            0x0800081f   Thumb Code    94  __dclz77c.o(.text)
    ADC_Cmd                                  0x0800087d   Thumb Code    22  stm32f4xx_adc.o(i.ADC_Cmd)
    ADC_CommonInit                           0x08000895   Thumb Code    34  stm32f4xx_adc.o(i.ADC_CommonInit)
    ADC_DianWei_Config                       0x080008c5   Thumb Code   106  adc_dianwei.o(i.ADC_DianWei_Config)
    ADC_GUANG_Config                         0x08000939   Thumb Code   106  adc.o(i.ADC_GUANG_Config)
    ADC_GetConversionValue                   0x080009ad   Thumb Code     8  stm32f4xx_adc.o(i.ADC_GetConversionValue)
    ADC_GetFlagStatus                        0x080009b5   Thumb Code    18  stm32f4xx_adc.o(i.ADC_GetFlagStatus)
    ADC_Init                                 0x080009c9   Thumb Code    74  stm32f4xx_adc.o(i.ADC_Init)
    ADC_RegularChannelConfig                 0x08000a1d   Thumb Code   184  stm32f4xx_adc.o(i.ADC_RegularChannelConfig)
    ADC_SoftwareStartConv                    0x08000ad5   Thumb Code    10  stm32f4xx_adc.o(i.ADC_SoftwareStartConv)
    AT24OC02_Init                            0x08000adf   Thumb Code    34  at24c02.o(i.AT24OC02_Init)
    AT24OC02_Read_Byte                       0x08000b01   Thumb Code    94  at24c02.o(i.AT24OC02_Read_Byte)
    AT24OC02_Wriet_Byte                      0x08000b5f   Thumb Code    78  at24c02.o(i.AT24OC02_Wriet_Byte)
    BeepAlarm                                0x08000bad   Thumb Code    42  beep.o(i.BeepAlarm)
    BeepConfig                               0x08000bdd   Thumb Code    58  beep.o(i.BeepConfig)
    BeepOff                                  0x08000c1d   Thumb Code    16  beep.o(i.BeepOff)
    BeepOn                                   0x08000c31   Thumb Code    14  beep.o(i.BeepOn)
    Beep_Control                             0x08000c45   Thumb Code    22  beep_alarmpwm.o(i.Beep_Control)
    EXTI15_10_IRQHandler                     0x08000c5b   Thumb Code    24  interrupt.o(i.EXTI15_10_IRQHandler)
    EXTI4_IRQHandler                         0x08000c75   Thumb Code    66  interrupt.o(i.EXTI4_IRQHandler)
    EXTI9_5_IRQHandler                       0x08000ccd   Thumb Code    92  interrupt.o(i.EXTI9_5_IRQHandler)
    EXTI_ClearITPendingBit                   0x08000d49   Thumb Code     6  stm32f4xx_exti.o(i.EXTI_ClearITPendingBit)
    EXTI_Init                                0x08000d55   Thumb Code   142  stm32f4xx_exti.o(i.EXTI_Init)
    Fan_Control                              0x08000de9   Thumb Code    20  pwmfan.o(i.Fan_Control)
    GPIO_Init                                0x08000e01   Thumb Code   144  stm32f4xx_gpio.o(i.GPIO_Init)
    GPIO_PinAFConfig                         0x08000e91   Thumb Code    70  stm32f4xx_gpio.o(i.GPIO_PinAFConfig)
    GPIO_ReadInputDataBit                    0x08000ed7   Thumb Code    18  stm32f4xx_gpio.o(i.GPIO_ReadInputDataBit)
    GPIO_ResetBits                           0x08000ee9   Thumb Code     4  stm32f4xx_gpio.o(i.GPIO_ResetBits)
    GPIO_SetBits                             0x08000eed   Thumb Code     4  stm32f4xx_gpio.o(i.GPIO_SetBits)
    GPIO_WriteBit                            0x08000ef1   Thumb Code    10  stm32f4xx_gpio.o(i.GPIO_WriteBit)
    Get_ADC_dianwei_Channel                  0x08000efd   Thumb Code    44  adc_dianwei.o(i.Get_ADC_dianwei_Channel)
    Get_AdcChannel                           0x08000f2d   Thumb Code    44  adc.o(i.Get_AdcChannel)
    IIC_Config                               0x08000f5d   Thumb Code    44  iiic.o(i.IIC_Config)
    IIC_End                                  0x08000f8d   Thumb Code    54  iiic.o(i.IIC_End)
    IIC_GetByte                              0x08000fc9   Thumb Code   110  iiic.o(i.IIC_GetByte)
    IIC_Get_Ack                              0x0800103d   Thumb Code    84  iiic.o(i.IIC_Get_Ack)
    IIC_INMODE                               0x08001095   Thumb Code    18  iiic.o(i.IIC_INMODE)
    IIC_OUTMODE                              0x080010ad   Thumb Code    22  iiic.o(i.IIC_OUTMODE)
    IIC_SendAck                              0x080010c9   Thumb Code    70  iiic.o(i.IIC_SendAck)
    IIC_SendByte                             0x08001115   Thumb Code   100  iiic.o(i.IIC_SendByte)
    IIC_Start                                0x0800117d   Thumb Code    48  iiic.o(i.IIC_Start)
    INTERRUPT_KEY1_Config                    0x080011b1   Thumb Code   110  interrupt.o(i.INTERRUPT_KEY1_Config)
    INTERRUPT_KEY2_Config                    0x08001225   Thumb Code   110  interrupt.o(i.INTERRUPT_KEY2_Config)
    INTERRUPT_KEY3_Config                    0x08001299   Thumb Code   110  interrupt.o(i.INTERRUPT_KEY3_Config)
    INTERRUPT_KEY4_Config                    0x0800130d   Thumb Code   114  interrupt.o(i.INTERRUPT_KEY4_Config)
    InitOLed                                 0x08001385   Thumb Code   178  oled.o(i.InitOLed)
    Key1_2_3_Config                          0x08001439   Thumb Code    46  key.o(i.Key1_2_3_Config)
    Key_4_Config                             0x0800146d   Thumb Code    48  key.o(i.Key_4_Config)
    LED_Config                               0x080014a1   Thumb Code    80  led.o(i.LED_Config)
    Led_Breath                               0x080014f5   Thumb Code    58  breathled.o(i.Led_Breath)
    Led_Control                              0x08001535   Thumb Code    28  breathled.o(i.Led_Control)
    NVIC_Init                                0x08001555   Thumb Code   106  misc.o(i.NVIC_Init)
    NVIC_PriorityGroupConfig                 0x080015cd   Thumb Code    10  misc.o(i.NVIC_PriorityGroupConfig)
    OLed_Fill                                0x080015e1   Thumb Code    58  oled.o(i.OLed_Fill)
    OLed_SetPos                              0x0800161b   Thumb Code    36  oled.o(i.OLed_SetPos)
    OLed_ShowChina                           0x0800163f   Thumb Code    74  oled.o(i.OLed_ShowChina)
    Oled_Temp                                0x08001689   Thumb Code   144  user.o(i.Oled_Temp)
    Oled_print                               0x08001745   Thumb Code   112  oled.o(i.Oled_print)
    Pwm_Alarm                                0x080017b9   Thumb Code    54  beep_alarmpwm.o(i.Pwm_Alarm)
    RCC_AHB1PeriphClockCmd                   0x080017f5   Thumb Code    26  stm32f4xx_rcc.o(i.RCC_AHB1PeriphClockCmd)
    RCC_APB1PeriphClockCmd                   0x08001815   Thumb Code    26  stm32f4xx_rcc.o(i.RCC_APB1PeriphClockCmd)
    RCC_APB2PeriphClockCmd                   0x08001835   Thumb Code    26  stm32f4xx_rcc.o(i.RCC_APB2PeriphClockCmd)
    RCC_GetClocksFreq                        0x08001855   Thumb Code   214  stm32f4xx_rcc.o(i.RCC_GetClocksFreq)
    SPI1_Wriet_Read                          0x0800193d   Thumb Code    50  spi.o(i.SPI1_Wriet_Read)
    SPI_Cmd                                  0x08001975   Thumb Code    24  stm32f4xx_spi.o(i.SPI_Cmd)
    SPI_Config                               0x0800198d   Thumb Code   158  spi.o(i.SPI_Config)
    SPI_I2S_GetFlagStatus                    0x08001a35   Thumb Code    18  stm32f4xx_spi.o(i.SPI_I2S_GetFlagStatus)
    SPI_I2S_ReceiveData                      0x08001a47   Thumb Code     6  stm32f4xx_spi.o(i.SPI_I2S_ReceiveData)
    SPI_I2S_SendData                         0x08001a4d   Thumb Code     4  stm32f4xx_spi.o(i.SPI_I2S_SendData)
    SPI_Init                                 0x08001a51   Thumb Code    60  stm32f4xx_spi.o(i.SPI_Init)
    SYSCFG_EXTILineConfig                    0x08001a8d   Thumb Code    60  stm32f4xx_syscfg.o(i.SYSCFG_EXTILineConfig)
    SysTick_CLKSourceConfig                  0x08001bb9   Thumb Code    40  misc.o(i.SysTick_CLKSourceConfig)
    SystemInit                               0x08001be1   Thumb Code    88  system_stm32f4xx.o(i.SystemInit)
    TIM4_IRQHandler                          0x08001c49   Thumb Code    12  timer.o(i.TIM4_IRQHandler)
    TIM_ARRPreloadConfig                     0x08001c59   Thumb Code    24  stm32f4xx_tim.o(i.TIM_ARRPreloadConfig)
    TIM_ClearITPendingBit                    0x08001c71   Thumb Code     6  stm32f4xx_tim.o(i.TIM_ClearITPendingBit)
    TIM_Cmd                                  0x08001c77   Thumb Code    24  stm32f4xx_tim.o(i.TIM_Cmd)
    TIM_CtrlPWMOutputs                       0x08001c8f   Thumb Code    30  stm32f4xx_tim.o(i.TIM_CtrlPWMOutputs)
    TIM_OC1Init                              0x08001cad   Thumb Code   114  stm32f4xx_tim.o(i.TIM_OC1Init)
    TIM_OC1PreloadConfig                     0x08001d29   Thumb Code    18  stm32f4xx_tim.o(i.TIM_OC1PreloadConfig)
    TIM_OC2Init                              0x08001d3d   Thumb Code   154  stm32f4xx_tim.o(i.TIM_OC2Init)
    TIM_OC2PreloadConfig                     0x08001de1   Thumb Code    26  stm32f4xx_tim.o(i.TIM_OC2PreloadConfig)
    TIM_OC3Init                              0x08001dfd   Thumb Code   150  stm32f4xx_tim.o(i.TIM_OC3Init)
    TIM_OC3PreloadConfig                     0x08001e9d   Thumb Code    18  stm32f4xx_tim.o(i.TIM_OC3PreloadConfig)
    TIM_SetCompare1                          0x08001eaf   Thumb Code     4  stm32f4xx_tim.o(i.TIM_SetCompare1)
    TIM_SetCompare2                          0x08001eb3   Thumb Code     4  stm32f4xx_tim.o(i.TIM_SetCompare2)
    TIM_SetCompare3                          0x08001eb7   Thumb Code     4  stm32f4xx_tim.o(i.TIM_SetCompare3)
    TIM_TimeBaseInit                         0x08001ebd   Thumb Code   104  stm32f4xx_tim.o(i.TIM_TimeBaseInit)
    Temp_Light                               0x08001f41   Thumb Code   300  user.o(i.Temp_Light)
    Timer12_Ch2_PwmConfig                    0x080020c9   Thumb Code   154  pwmfan.o(i.Timer12_Ch2_PwmConfig)
    Timer2_BEEP_PwmConfig                    0x0800216d   Thumb Code   158  beep_alarmpwm.o(i.Timer2_BEEP_PwmConfig)
    USART1_IRQHandler                        0x08002211   Thumb Code   358  usart.o(i.USART1_IRQHandler)
    USART2_IRQHandler                        0x08002421   Thumb Code   624  esp8266.o(i.USART2_IRQHandler)
    USART_ClearITPendingBit                  0x08002755   Thumb Code    30  stm32f4xx_usart.o(i.USART_ClearITPendingBit)
    USART_Cllect                             0x08002775   Thumb Code    54  user.o(i.USART_Cllect)
    USART_Cmd                                0x080027f1   Thumb Code    24  stm32f4xx_usart.o(i.USART_Cmd)
    USART_GetFlagStatus                      0x08002809   Thumb Code    26  stm32f4xx_usart.o(i.USART_GetFlagStatus)
    USART_GetITStatus                        0x08002823   Thumb Code    84  stm32f4xx_usart.o(i.USART_GetITStatus)
    USART_ITConfig                           0x08002877   Thumb Code    74  stm32f4xx_usart.o(i.USART_ITConfig)
    USART_Init                               0x080028c1   Thumb Code   204  stm32f4xx_usart.o(i.USART_Init)
    USART_ReceiveData                        0x08002995   Thumb Code    10  stm32f4xx_usart.o(i.USART_ReceiveData)
    Usart_Config                             0x080029a1   Thumb Code   164  usart.o(i.Usart_Config)
    W25Q64_Check_busy                        0x08002a4d   Thumb Code    46  w25q64.o(i.W25Q64_Check_busy)
    W25Q64_Config                            0x08002a81   Thumb Code   104  w25q64.o(i.W25Q64_Config)
    W25Q64_Erase_allChip                     0x08002af1   Thumb Code    38  w25q64.o(i.W25Q64_Erase_allChip)
    W25Q64_Read_Data                         0x08002b1d   Thumb Code    80  w25q64.o(i.W25Q64_Read_Data)
    W25Q64_Write_Enable                      0x08002b71   Thumb Code    26  w25q64.o(i.W25Q64_Write_Enable)
    W25Q64_Write_Page                        0x08002b91   Thumb Code    80  w25q64.o(i.W25Q64_Write_Page)
    WriteOLedCmd                             0x08002be5   Thumb Code    46  oled.o(i.WriteOLedCmd)
    WriteOLedData                            0x08002c13   Thumb Code    50  oled.o(i.WriteOLedData)
    __0printf                                0x08002c45   Thumb Code    22  printfa.o(i.__0printf)
    __1printf                                0x08002c45   Thumb Code     0  printfa.o(i.__0printf)
    __2printf                                0x08002c45   Thumb Code     0  printfa.o(i.__0printf)
    __c89printf                              0x08002c45   Thumb Code     0  printfa.o(i.__0printf)
    printf                                   0x08002c45   Thumb Code     0  printfa.o(i.__0printf)
    __0sprintf                               0x08002c65   Thumb Code    34  printfa.o(i.__0sprintf)
    __1sprintf                               0x08002c65   Thumb Code     0  printfa.o(i.__0sprintf)
    __2sprintf                               0x08002c65   Thumb Code     0  printfa.o(i.__0sprintf)
    __c89sprintf                             0x08002c65   Thumb Code     0  printfa.o(i.__0sprintf)
    sprintf                                  0x08002c65   Thumb Code     0  printfa.o(i.__0sprintf)
    __scatterload_copy                       0x08002c8d   Thumb Code    14  handlers.o(i.__scatterload_copy)
    __scatterload_null                       0x08002c9b   Thumb Code     2  handlers.o(i.__scatterload_null)
    __scatterload_zeroinit                   0x08002c9d   Thumb Code    14  handlers.o(i.__scatterload_zeroinit)
    delay                                    0x08003549   Thumb Code    18  led.o(i.delay)
    delay_init                               0x0800355d   Thumb Code    52  delay.o(i.delay_init)
    delay_ms                                 0x08003599   Thumb Code    56  delay.o(i.delay_ms)
    delay_us                                 0x080035d1   Thumb Code    72  delay.o(i.delay_us)
    delay_xms                                0x0800361d   Thumb Code    72  delay.o(i.delay_xms)
    dht11_Config                             0x08003669   Thumb Code    48  dht11.o(i.dht11_Config)
    dht11_Inmod                              0x0800369d   Thumb Code    26  dht11.o(i.dht11_Inmod)
    dht11_Outmod                             0x080036bd   Thumb Code    40  dht11.o(i.dht11_Outmod)
    dht11_ReadBytes                          0x080036e9   Thumb Code    90  dht11.o(i.dht11_ReadBytes)
    dht11_ReadData                           0x08003749   Thumb Code   180  dht11.o(i.dht11_ReadData)
    fputc                                    0x08003805   Thumb Code    22  usart.o(i.fputc)
    live_collect                             0x08003821   Thumb Code    18  user.o(i.live_collect)
    main                                     0x08003839   Thumb Code   116  user.o(i.main)
    pwm_ledconfig                            0x080038ad   Thumb Code   224  breathled.o(i.pwm_ledconfig)
    uart2init                                0x08003995   Thumb Code   160  esp8266.o(i.uart2init)
    F8X16                                    0x08003a3c   Data        1520  oled.o(.constdata)
    Region$$Table$$Base                      0x0800402c   Number         0  anon$$obj.o(Region$$Table)
    Region$$Table$$Limit                     0x0800404c   Number         0  anon$$obj.o(Region$$Table)
    temp                                     0x20000000   Data           2  user.o(.data)
    hum                                      0x20000002   Data           2  user.o(.data)
    numguang                                 0x20000004   Data           2  user.o(.data)
    numdian                                  0x20000008   Data           4  user.o(.data)
    chipid                                   0x2000000c   Data           2  user.o(.data)
    flag                                     0x20000010   Data           4  user.o(.data)
    tep                                      0x20000014   Data           4  user.o(.data)
    tp                                       0x20000018   Data           4  user.o(.data)
    tnum                                     0x2000001c   Data           4  dht11.o(.data)
    buff                                     0x20000020   Data           5  dht11.o(.data)
    flg                                      0x20000028   Data           4  breathled.o(.data)
    beepflag                                 0x2000002c   Data           4  beep_alarmpwm.o(.data)
    HZ1                                      0x20000030   Data          32  oled.o(.data)
    HZ2                                      0x20000050   Data          32  oled.o(.data)
    HZ3                                      0x20000070   Data          32  oled.o(.data)
    HZ4                                      0x20000090   Data          32  oled.o(.data)
    HZ5                                      0x200000b0   Data          32  oled.o(.data)
    HZ6                                      0x200000d0   Data          32  oled.o(.data)
    HZ7                                      0x200000f0   Data          32  oled.o(.data)
    HZ8                                      0x20000110   Data          32  oled.o(.data)
    HZ9                                      0x20000130   Data          32  oled.o(.data)
    HZ10                                     0x20000150   Data          32  oled.o(.data)
    HZ11                                     0x20000170   Data          32  oled.o(.data)
    HZ12                                     0x20000190   Data          32  oled.o(.data)
    HZ13                                     0x200001b0   Data          32  oled.o(.data)
    dian                                     0x200001d0   Data          32  oled.o(.data)
    ping                                     0x200001f0   Data          32  oled.o(.data)
    __stdout                                 0x20000228   Data           4  stdout.o(.data)
    shidu                                    0x2000022c   Data         128  user.o(.bss)
    wendu                                    0x200002ac   Data         128  user.o(.bss)
    guangzhao                                0x2000032c   Data          30  user.o(.bss)
    dianya                                   0x2000034a   Data          30  user.o(.bss)
    shujv                                    0x20000368   Data         128  user.o(.bss)
    buffer                                   0x200003e8   Data         128  user.o(.bss)
    __initial_sp                             0x20000868   Data           0  startup_stm32f40_41xxx.o(STACK)



==============================================================================

Memory Map of the image

  Image Entry point : 0x08000189

  Load Region LR_IROM1 (Base: 0x08000000, Size: 0x00004278, Max: 0x00080000, ABSOLUTE, COMPRESSED[0x000041e4])

    Execution Region ER_IROM1 (Base: 0x08000000, Size: 0x0000404c, Max: 0x00080000, ABSOLUTE)

    Base Addr    Size         Type   Attr      Idx    E Section Name        Object

    0x08000000   0x00000188   Data   RO            3    RESET               startup_stm32f40_41xxx.o
    0x08000188   0x00000000   Code   RO         5769  * .ARM.Collect$$$$00000000  mc_w.l(entry.o)
    0x08000188   0x00000004   Code   RO         6047    .ARM.Collect$$$$00000001  mc_w.l(entry2.o)
    0x0800018c   0x00000004   Code   RO         6050    .ARM.Collect$$$$00000004  mc_w.l(entry5.o)
    0x08000190   0x00000000   Code   RO         6052    .ARM.Collect$$$$00000008  mc_w.l(entry7b.o)
    0x08000190   0x00000000   Code   RO         6054    .ARM.Collect$$$$0000000A  mc_w.l(entry8b.o)
    0x08000190   0x00000008   Code   RO         6055    .ARM.Collect$$$$0000000B  mc_w.l(entry9a.o)
    0x08000198   0x00000000   Code   RO         6057    .ARM.Collect$$$$0000000D  mc_w.l(entry10a.o)
    0x08000198   0x00000000   Code   RO         6059    .ARM.Collect$$$$0000000F  mc_w.l(entry11a.o)
    0x08000198   0x00000004   Code   RO         6048    .ARM.Collect$$$$00002712  mc_w.l(entry2.o)
    0x0800019c   0x00000024   Code   RO            4    .text               startup_stm32f40_41xxx.o
    0x080001c0   0x0000000e   Code   RO         5772    .text               mc_w.l(strlen.o)
    0x080001ce   0x00000002   PAD
    0x080001d0   0x00000044   Code   RO         5774    .text               mc_w.l(strtok.o)
    0x08000214   0x000000e4   Code   RO         6041    .text               mf_w.l(dmul.o)
    0x080002f8   0x00000026   Code   RO         6043    .text               mf_w.l(f2d.o)
    0x0800031e   0x00000038   Code   RO         6045    .text               mf_w.l(d2f.o)
    0x08000356   0x0000002c   Code   RO         6062    .text               mc_w.l(uidiv.o)
    0x08000382   0x00000062   Code   RO         6064    .text               mc_w.l(uldiv.o)
    0x080003e4   0x00000000   Code   RO         6066    .text               mc_w.l(iusefp.o)
    0x080003e4   0x0000006e   Code   RO         6067    .text               mf_w.l(fepilogue.o)
    0x08000452   0x000000ba   Code   RO         6069    .text               mf_w.l(depilogue.o)
    0x0800050c   0x0000014e   Code   RO         6071    .text               mf_w.l(dadd.o)
    0x0800065a   0x000000de   Code   RO         6073    .text               mf_w.l(ddiv.o)
    0x08000738   0x00000030   Code   RO         6075    .text               mf_w.l(dfixul.o)
    0x08000768   0x00000030   Code   RO         6077    .text               mf_w.l(cdrcmple.o)
    0x08000798   0x00000024   Code   RO         6079    .text               mc_w.l(init.o)
    0x080007bc   0x0000001e   Code   RO         6081    .text               mc_w.l(llshl.o)
    0x080007da   0x00000020   Code   RO         6083    .text               mc_w.l(llushr.o)
    0x080007fa   0x00000024   Code   RO         6085    .text               mc_w.l(llsshr.o)
    0x0800081e   0x0000005e   Code   RO         6095    .text               mc_w.l(__dclz77c.o)
    0x0800087c   0x00000016   Code   RO         1091    i.ADC_Cmd           stm32f4xx_adc.o
    0x08000892   0x00000002   PAD
    0x08000894   0x00000030   Code   RO         1092    i.ADC_CommonInit    stm32f4xx_adc.o
    0x080008c4   0x00000074   Code   RO          639    i.ADC_DianWei_Config  adc_dianwei.o
    0x08000938   0x00000074   Code   RO          580    i.ADC_GUANG_Config  adc.o
    0x080009ac   0x00000008   Code   RO         1103    i.ADC_GetConversionValue  stm32f4xx_adc.o
    0x080009b4   0x00000012   Code   RO         1104    i.ADC_GetFlagStatus  stm32f4xx_adc.o
    0x080009c6   0x00000002   PAD
    0x080009c8   0x00000054   Code   RO         1111    i.ADC_Init          stm32f4xx_adc.o
    0x08000a1c   0x000000b8   Code   RO         1116    i.ADC_RegularChannelConfig  stm32f4xx_adc.o
    0x08000ad4   0x0000000a   Code   RO         1118    i.ADC_SoftwareStartConv  stm32f4xx_adc.o
    0x08000ade   0x00000022   Code   RO          741    i.AT24OC02_Init     at24c02.o
    0x08000b00   0x0000005e   Code   RO          742    i.AT24OC02_Read_Byte  at24c02.o
    0x08000b5e   0x0000004e   Code   RO          743    i.AT24OC02_Wriet_Byte  at24c02.o
    0x08000bac   0x00000030   Code   RO          302    i.BeepAlarm         beep.o
    0x08000bdc   0x00000040   Code   RO          303    i.BeepConfig        beep.o
    0x08000c1c   0x00000014   Code   RO          304    i.BeepOff           beep.o
    0x08000c30   0x00000014   Code   RO          305    i.BeepOn            beep.o
    0x08000c44   0x00000016   Code   RO          706    i.Beep_Control      beep_alarmpwm.o
    0x08000c5a   0x00000018   Code   RO          372    i.EXTI15_10_IRQHandler  interrupt.o
    0x08000c72   0x00000002   PAD
    0x08000c74   0x00000058   Code   RO          373    i.EXTI4_IRQHandler  interrupt.o
    0x08000ccc   0x0000007c   Code   RO          374    i.EXTI9_5_IRQHandler  interrupt.o
    0x08000d48   0x0000000c   Code   RO         2288    i.EXTI_ClearITPendingBit  stm32f4xx_exti.o
    0x08000d54   0x00000094   Code   RO         2293    i.EXTI_Init         stm32f4xx_exti.o
    0x08000de8   0x00000018   Code   RO          492    i.Fan_Control       pwmfan.o
    0x08000e00   0x00000090   Code   RO         2764    i.GPIO_Init         stm32f4xx_gpio.o
    0x08000e90   0x00000046   Code   RO         2765    i.GPIO_PinAFConfig  stm32f4xx_gpio.o
    0x08000ed6   0x00000012   Code   RO         2768    i.GPIO_ReadInputDataBit  stm32f4xx_gpio.o
    0x08000ee8   0x00000004   Code   RO         2771    i.GPIO_ResetBits    stm32f4xx_gpio.o
    0x08000eec   0x00000004   Code   RO         2772    i.GPIO_SetBits      stm32f4xx_gpio.o
    0x08000ef0   0x0000000a   Code   RO         2776    i.GPIO_WriteBit     stm32f4xx_gpio.o
    0x08000efa   0x00000002   PAD
    0x08000efc   0x00000030   Code   RO          640    i.Get_ADC_dianwei_Channel  adc_dianwei.o
    0x08000f2c   0x00000030   Code   RO          581    i.Get_AdcChannel    adc.o
    0x08000f5c   0x00000030   Code   RO          773    i.IIC_Config        iiic.o
    0x08000f8c   0x0000003c   Code   RO          774    i.IIC_End           iiic.o
    0x08000fc8   0x00000074   Code   RO          775    i.IIC_GetByte       iiic.o
    0x0800103c   0x00000058   Code   RO          776    i.IIC_Get_Ack       iiic.o
    0x08001094   0x00000018   Code   RO          777    i.IIC_INMODE        iiic.o
    0x080010ac   0x0000001c   Code   RO          778    i.IIC_OUTMODE       iiic.o
    0x080010c8   0x0000004c   Code   RO          779    i.IIC_SendAck       iiic.o
    0x08001114   0x00000068   Code   RO          780    i.IIC_SendByte      iiic.o
    0x0800117c   0x00000034   Code   RO          781    i.IIC_Start         iiic.o
    0x080011b0   0x00000074   Code   RO          375    i.INTERRUPT_KEY1_Config  interrupt.o
    0x08001224   0x00000074   Code   RO          376    i.INTERRUPT_KEY2_Config  interrupt.o
    0x08001298   0x00000074   Code   RO          377    i.INTERRUPT_KEY3_Config  interrupt.o
    0x0800130c   0x00000078   Code   RO          378    i.INTERRUPT_KEY4_Config  interrupt.o
    0x08001384   0x000000b2   Code   RO          841    i.InitOLed          oled.o
    0x08001436   0x00000002   PAD
    0x08001438   0x00000034   Code   RO          340    i.Key1_2_3_Config   key.o
    0x0800146c   0x00000034   Code   RO          341    i.Key_4_Config      key.o
    0x080014a0   0x00000054   Code   RO          248    i.LED_Config        led.o
    0x080014f4   0x00000040   Code   RO          671    i.Led_Breath        breathled.o
    0x08001534   0x00000020   Code   RO          672    i.Led_Control       breathled.o
    0x08001554   0x00000078   Code   RO         1041    i.NVIC_Init         misc.o
    0x080015cc   0x00000014   Code   RO         1042    i.NVIC_PriorityGroupConfig  misc.o
    0x080015e0   0x0000003a   Code   RO          842    i.OLed_Fill         oled.o
    0x0800161a   0x00000024   Code   RO          843    i.OLed_SetPos       oled.o
    0x0800163e   0x0000004a   Code   RO          844    i.OLed_ShowChina    oled.o
    0x08001688   0x000000bc   Code   RO          150    i.Oled_Temp         user.o
    0x08001744   0x00000074   Code   RO          845    i.Oled_print        oled.o
    0x080017b8   0x0000003c   Code   RO          707    i.Pwm_Alarm         beep_alarmpwm.o
    0x080017f4   0x00000020   Code   RO         3628    i.RCC_AHB1PeriphClockCmd  stm32f4xx_rcc.o
    0x08001814   0x00000020   Code   RO         3637    i.RCC_APB1PeriphClockCmd  stm32f4xx_rcc.o
    0x08001834   0x00000020   Code   RO         3640    i.RCC_APB2PeriphClockCmd  stm32f4xx_rcc.o
    0x08001854   0x000000e8   Code   RO         3649    i.RCC_GetClocksFreq  stm32f4xx_rcc.o
    0x0800193c   0x00000038   Code   RO          901    i.SPI1_Wriet_Read   spi.o
    0x08001974   0x00000018   Code   RO         4745    i.SPI_Cmd           stm32f4xx_spi.o
    0x0800198c   0x000000a8   Code   RO          902    i.SPI_Config        spi.o
    0x08001a34   0x00000012   Code   RO         4753    i.SPI_I2S_GetFlagStatus  stm32f4xx_spi.o
    0x08001a46   0x00000006   Code   RO         4756    i.SPI_I2S_ReceiveData  stm32f4xx_spi.o
    0x08001a4c   0x00000004   Code   RO         4757    i.SPI_I2S_SendData  stm32f4xx_spi.o
    0x08001a50   0x0000003c   Code   RO         4758    i.SPI_Init          stm32f4xx_spi.o
    0x08001a8c   0x00000040   Code   RO         4906    i.SYSCFG_EXTILineConfig  stm32f4xx_syscfg.o
    0x08001acc   0x000000ec   Code   RO           12    i.SetSysClock       system_stm32f4xx.o
    0x08001bb8   0x00000028   Code   RO         1045    i.SysTick_CLKSourceConfig  misc.o
    0x08001be0   0x00000068   Code   RO           14    i.SystemInit        system_stm32f4xx.o
    0x08001c48   0x00000010   Code   RO          466    i.TIM4_IRQHandler   timer.o
    0x08001c58   0x00000018   Code   RO         4963    i.TIM_ARRPreloadConfig  stm32f4xx_tim.o
    0x08001c70   0x00000006   Code   RO         4970    i.TIM_ClearITPendingBit  stm32f4xx_tim.o
    0x08001c76   0x00000018   Code   RO         4975    i.TIM_Cmd           stm32f4xx_tim.o
    0x08001c8e   0x0000001e   Code   RO         4977    i.TIM_CtrlPWMOutputs  stm32f4xx_tim.o
    0x08001cac   0x0000007c   Code   RO         5004    i.TIM_OC1Init       stm32f4xx_tim.o
    0x08001d28   0x00000012   Code   RO         5007    i.TIM_OC1PreloadConfig  stm32f4xx_tim.o
    0x08001d3a   0x00000002   PAD
    0x08001d3c   0x000000a4   Code   RO         5009    i.TIM_OC2Init       stm32f4xx_tim.o
    0x08001de0   0x0000001a   Code   RO         5012    i.TIM_OC2PreloadConfig  stm32f4xx_tim.o
    0x08001dfa   0x00000002   PAD
    0x08001dfc   0x000000a0   Code   RO         5014    i.TIM_OC3Init       stm32f4xx_tim.o
    0x08001e9c   0x00000012   Code   RO         5017    i.TIM_OC3PreloadConfig  stm32f4xx_tim.o
    0x08001eae   0x00000004   Code   RO         5037    i.TIM_SetCompare1   stm32f4xx_tim.o
    0x08001eb2   0x00000004   Code   RO         5038    i.TIM_SetCompare2   stm32f4xx_tim.o
    0x08001eb6   0x00000004   Code   RO         5039    i.TIM_SetCompare3   stm32f4xx_tim.o
    0x08001eba   0x00000002   PAD
    0x08001ebc   0x00000084   Code   RO         5047    i.TIM_TimeBaseInit  stm32f4xx_tim.o
    0x08001f40   0x00000188   Code   RO          151    i.Temp_Light        user.o
    0x080020c8   0x000000a4   Code   RO          495    i.Timer12_Ch2_PwmConfig  pwmfan.o
    0x0800216c   0x000000a4   Code   RO          708    i.Timer2_BEEP_PwmConfig  beep_alarmpwm.o
    0x08002210   0x00000210   Code   RO          429    i.USART1_IRQHandler  usart.o
    0x08002420   0x00000334   Code   RO          612    i.USART2_IRQHandler  esp8266.o
    0x08002754   0x0000001e   Code   RO         5522    i.USART_ClearITPendingBit  stm32f4xx_usart.o
    0x08002772   0x00000002   PAD
    0x08002774   0x0000007c   Code   RO          152    i.USART_Cllect      user.o
    0x080027f0   0x00000018   Code   RO         5525    i.USART_Cmd         stm32f4xx_usart.o
    0x08002808   0x0000001a   Code   RO         5528    i.USART_GetFlagStatus  stm32f4xx_usart.o
    0x08002822   0x00000054   Code   RO         5529    i.USART_GetITStatus  stm32f4xx_usart.o
    0x08002876   0x0000004a   Code   RO         5531    i.USART_ITConfig    stm32f4xx_usart.o
    0x080028c0   0x000000d4   Code   RO         5532    i.USART_Init        stm32f4xx_usart.o
    0x08002994   0x0000000a   Code   RO         5539    i.USART_ReceiveData  stm32f4xx_usart.o
    0x0800299e   0x00000002   PAD
    0x080029a0   0x000000ac   Code   RO          430    i.Usart_Config      usart.o
    0x08002a4c   0x00000034   Code   RO          927    i.W25Q64_Check_busy  w25q64.o
    0x08002a80   0x00000070   Code   RO          928    i.W25Q64_Config     w25q64.o
    0x08002af0   0x0000002c   Code   RO          929    i.W25Q64_Erase_allChip  w25q64.o
    0x08002b1c   0x00000054   Code   RO          931    i.W25Q64_Read_Data  w25q64.o
    0x08002b70   0x00000020   Code   RO          932    i.W25Q64_Write_Enable  w25q64.o
    0x08002b90   0x00000054   Code   RO          933    i.W25Q64_Write_Page  w25q64.o
    0x08002be4   0x0000002e   Code   RO          846    i.WriteOLedCmd      oled.o
    0x08002c12   0x00000032   Code   RO          847    i.WriteOLedData     oled.o
    0x08002c44   0x00000020   Code   RO         6013    i.__0printf         mc_w.l(printfa.o)
    0x08002c64   0x00000028   Code   RO         6015    i.__0sprintf        mc_w.l(printfa.o)
    0x08002c8c   0x0000000e   Code   RO         6089    i.__scatterload_copy  mc_w.l(handlers.o)
    0x08002c9a   0x00000002   Code   RO         6090    i.__scatterload_null  mc_w.l(handlers.o)
    0x08002c9c   0x0000000e   Code   RO         6091    i.__scatterload_zeroinit  mc_w.l(handlers.o)
    0x08002caa   0x00000002   PAD
    0x08002cac   0x00000164   Code   RO         6020    i._fp_digits        mc_w.l(printfa.o)
    0x08002e10   0x000006dc   Code   RO         6021    i._printf_core      mc_w.l(printfa.o)
    0x080034ec   0x00000024   Code   RO         6022    i._printf_post_padding  mc_w.l(printfa.o)
    0x08003510   0x0000002e   Code   RO         6023    i._printf_pre_padding  mc_w.l(printfa.o)
    0x0800353e   0x0000000a   Code   RO         6025    i._sputc            mc_w.l(printfa.o)
    0x08003548   0x00000012   Code   RO          253    i.delay             led.o
    0x0800355a   0x00000002   PAD
    0x0800355c   0x0000003c   Code   RO          983    i.delay_init        delay.o
    0x08003598   0x00000038   Code   RO          984    i.delay_ms          delay.o
    0x080035d0   0x0000004c   Code   RO          985    i.delay_us          delay.o
    0x0800361c   0x0000004c   Code   RO          986    i.delay_xms         delay.o
    0x08003668   0x00000034   Code   RO          530    i.dht11_Config      dht11.o
    0x0800369c   0x00000020   Code   RO          531    i.dht11_Inmod       dht11.o
    0x080036bc   0x0000002c   Code   RO          532    i.dht11_Outmod      dht11.o
    0x080036e8   0x00000060   Code   RO          533    i.dht11_ReadBytes   dht11.o
    0x08003748   0x000000bc   Code   RO          534    i.dht11_ReadData    dht11.o
    0x08003804   0x0000001c   Code   RO          431    i.fputc             usart.o
    0x08003820   0x00000018   Code   RO          153    i.live_collect      user.o
    0x08003838   0x00000074   Code   RO          154    i.main              user.o
    0x080038ac   0x000000e8   Code   RO          673    i.pwm_ledconfig     breathled.o
    0x08003994   0x000000a8   Code   RO          613    i.uart2init         esp8266.o
    0x08003a3c   0x000005f0   Data   RO          848    .constdata          oled.o
    0x0800402c   0x00000020   Data   RO         6087    Region$$Table       anon$$obj.o


    Execution Region RW_IRAM1 (Base: 0x20000000, Size: 0x00000868, Max: 0x00020000, ABSOLUTE, COMPRESSED[0x00000198])

    Base Addr    Size         Type   Attr      Idx    E Section Name        Object

    0x20000000   0x0000001c   Data   RW          156    .data               user.o
    0x2000001c   0x00000009   Data   RW          535    .data               dht11.o
    0x20000025   0x00000003   PAD
    0x20000028   0x00000004   Data   RW          674    .data               breathled.o
    0x2000002c   0x00000004   Data   RW          709    .data               beep_alarmpwm.o
    0x20000030   0x000001e0   Data   RW          849    .data               oled.o
    0x20000210   0x00000004   Data   RW          987    .data               delay.o
    0x20000214   0x00000010   Data   RW         3681    .data               stm32f4xx_rcc.o
    0x20000224   0x00000004   Data   RW         5775    .data               mc_w.l(strtok.o)
    0x20000228   0x00000004   Data   RW         6061    .data               mc_w.l(stdout.o)
    0x2000022c   0x0000023c   Zero   RW          155    .bss                user.o
    0x20000468   0x00000400   Zero   RW            1    STACK               startup_stm32f40_41xxx.o


==============================================================================

Image component sizes


      Code (inc. data)   RO Data    RW Data    ZI Data      Debug   Object Name

       164         14          0          0          0       1212   adc.o
       164         14          0          0          0       1267   adc_dianwei.o
       206          0          0          0          0       2043   at24c02.o
       152         22          0          0          0       1884   beep.o
       246         12          0          4          0       2038   beep_alarmpwm.o
       328         18          0          4          0       2033   breathled.o
       268         16          0          4          0       2403   delay.o
       412         28          0          9          0       3515   dht11.o
       988        214          0          0          0       1568   esp8266.o
       596         46          0          0          0       5075   iiic.o
       704         78          0          0          0       4151   interrupt.o
       104         10          0          0          0       1017   key.o
       102          4          0          0          0        997   led.o
       180         24          0          0          0       2017   misc.o
       558          4       1520        480          0       5520   oled.o
       188         14          0          0          0       1194   pwmfan.o
       224         16          0          0          0       1223   spi.o
        36          8        392          0       1024        856   startup_stm32f40_41xxx.o
       374         24          0          0          0       5370   stm32f4xx_adc.o
       160         12          0          0          0       1445   stm32f4xx_exti.o
       250          0          0          0          0       3983   stm32f4xx_gpio.o
       328         36          0         16          0       4527   stm32f4xx_rcc.o
       112          0          0          0          0       3378   stm32f4xx_spi.o
        64          4          0          0          0        640   stm32f4xx_syscfg.o
       738         58          0          0          0       8942   stm32f4xx_tim.o
       460          8          0          0          0       5382   stm32f4xx_usart.o
       340         32          0          0          0      61925   system_stm32f4xx.o
        16          4          0          0          0        470   timer.o
       728        194          0          0          0       2047   usart.o
       844        212          0         28        572     250316   user.o
       408         34          0          0          0       3684   w25q64.o

    ----------------------------------------------------------------------
     10464       1160       1944        548       1596     392122   Object Totals
         0          0         32          0          0          0   (incl. Generated)
        22          0          0          3          0          0   (incl. Padding)

    ----------------------------------------------------------------------

      Code (inc. data)   RO Data    RW Data    ZI Data      Debug   Library Member Name

        94          0          0          0          0          0   __dclz77c.o
         0          0          0          0          0          0   entry.o
         0          0          0          0          0          0   entry10a.o
         0          0          0          0          0          0   entry11a.o
         8          4          0          0          0          0   entry2.o
         4          0          0          0          0          0   entry5.o
         0          0          0          0          0          0   entry7b.o
         0          0          0          0          0          0   entry8b.o
         8          4          0          0          0          0   entry9a.o
        30          0          0          0          0          0   handlers.o
        36          8          0          0          0         68   init.o
         0          0          0          0          0          0   iusefp.o
        30          0          0          0          0         68   llshl.o
        36          0          0          0          0         68   llsshr.o
        32          0          0          0          0         68   llushr.o
      2276         96          0          0          0        596   printfa.o
         0          0          0          4          0          0   stdout.o
        14          0          0          0          0         68   strlen.o
        68          6          0          4          0         80   strtok.o
        44          0          0          0          0         80   uidiv.o
        98          0          0          0          0         92   uldiv.o
        48          0          0          0          0         68   cdrcmple.o
        56          0          0          0          0         88   d2f.o
       334          0          0          0          0        148   dadd.o
       222          0          0          0          0        100   ddiv.o
       186          0          0          0          0        176   depilogue.o
        48          0          0          0          0         68   dfixul.o
       228          0          0          0          0         96   dmul.o
        38          0          0          0          0         68   f2d.o
       110          0          0          0          0        168   fepilogue.o

    ----------------------------------------------------------------------
      4052        118          0          8          0       2168   Library Totals
         4          0          0          0          0          0   (incl. Padding)

    ----------------------------------------------------------------------

      Code (inc. data)   RO Data    RW Data    ZI Data      Debug   Library Name

      2778        118          0          8          0       1188   mc_w.l
      1270          0          0          0          0        980   mf_w.l

    ----------------------------------------------------------------------
      4052        118          0          8          0       2168   Library Totals

    ----------------------------------------------------------------------

==============================================================================


      Code (inc. data)   RO Data    RW Data    ZI Data      Debug   

     14516       1278       1944        556       1596     381382   Grand Totals
     14516       1278       1944        408       1596     381382   ELF Image Totals (compressed)
     14516       1278       1944        408          0          0   ROM Totals

==============================================================================

    Total RO  Size (Code + RO Data)                16460 (  16.07kB)
    Total RW  Size (RW Data + ZI Data)              2152 (   2.10kB)
    Total ROM Size (Code + RO Data + RW Data)      16868 (  16.47kB)

==============================================================================

